Component: ARM Compiler 5.06 update 6 (build 750) Tool: armlink [4d35ed]

==============================================================================

Section Cross References

    main.o(.text) refers to lcd.o(.text) for LCD_Clear
    main.o(.text) refers to key.o(.text) for KEY_Scan
    main.o(.text) refers to touch.o(.text) for TP_Draw_Big_Point
    main.o(.text) refers to delay.o(.text) for delay_ms
    main.o(.text) refers to misc.o(.text) for NVIC_PriorityGroupConfig
    main.o(.text) refers to usart.o(.text) for uart_init
    main.o(.text) refers to led.o(.text) for LED_Init
    main.o(.text) refers to timer.o(.text) for TIM3_Int_Init
    main.o(.text) refers to lv_obj.o(.text) for lv_init
    main.o(.text) refers to lv_port_disp.o(.text) for lv_port_disp_init
    main.o(.text) refers to lv_port_indev.o(.text) for lv_port_indev_init
    main.o(.text) refers to lv_demo_widgets.o(.text) for lv_demo_widgets
    main.o(.text) refers to lcd.o(.data) for POINT_COLOR
    main.o(.text) refers to lcd.o(.bss) for lcddev
    main.o(.text) refers to touch.o(.data) for tp_dev
    main.o(.text) refers to main.o(.constdata) for POINT_COLOR_TBL
    main.o(.text) refers to lv_task.o(.text) for lv_task_handler
    system_stm32f4xx.o(.text) refers to system_stm32f4xx.o(.data) for SystemCoreClock
    led.o(.text) refers to stm32f4xx_rcc.o(.text) for RCC_AHB1PeriphClockCmd
    led.o(.text) refers to stm32f4xx_gpio.o(.text) for GPIO_Init
    lcd.o(.text) refers to _printf_percent.o(.ARM.Collect$$_printf_percent$$00000000) for _printf_percent
    lcd.o(.text) refers to _printf_x.o(.ARM.Collect$$_printf_percent$$0000000C) for _printf_x
    lcd.o(.text) refers to _printf_hex_int.o(.text) for _printf_longlong_hex
    lcd.o(.text) refers to delay.o(.text) for delay_us
    lcd.o(.text) refers to lcd.o(.bss) for lcddev
    lcd.o(.text) refers to lcd.o(.data) for POINT_COLOR
    lcd.o(.text) refers to dflt_clz.o(x$fpl$dfltu) for __aeabi_ui2d
    lcd.o(.text) refers to dmul.o(x$fpl$dmul) for __aeabi_dmul
    lcd.o(.text) refers to dfixu.o(x$fpl$dfixu) for __aeabi_d2uiz
    lcd.o(.text) refers to stm32f4xx_rcc.o(.text) for RCC_AHB1PeriphClockCmd
    lcd.o(.text) refers to stm32f4xx_gpio.o(.text) for GPIO_Init
    lcd.o(.text) refers to stm32f4xx_fsmc.o(.text) for FSMC_NORSRAMInit
    lcd.o(.text) refers to noretval__2printf.o(.text) for __2printf
    lcd.o(.text) refers to lcd.o(.constdata) for asc2_1206
    key.o(.text) refers to stm32f4xx_rcc.o(.text) for RCC_AHB1PeriphClockCmd
    key.o(.text) refers to stm32f4xx_gpio.o(.text) for GPIO_Init
    key.o(.text) refers to delay.o(.text) for delay_ms
    key.o(.text) refers to key.o(.data) for key_up
    myiic.o(.text) refers to stm32f4xx_rcc.o(.text) for RCC_AHB1PeriphClockCmd
    myiic.o(.text) refers to stm32f4xx_gpio.o(.text) for GPIO_Init
    myiic.o(.text) refers to delay.o(.text) for delay_us
    24cxx.o(.text) refers to myiic.o(.text) for IIC_Init
    24cxx.o(.text) refers to delay.o(.text) for delay_ms
    ctiic.o(.text) refers to delay.o(.text) for delay_us
    ctiic.o(.text) refers to stm32f4xx_rcc.o(.text) for RCC_AHB1PeriphClockCmd
    ctiic.o(.text) refers to stm32f4xx_gpio.o(.text) for GPIO_Init
    gt9147.o(.text) refers to _printf_percent.o(.ARM.Collect$$_printf_percent$$00000000) for _printf_percent
    gt9147.o(.text) refers to _printf_s.o(.ARM.Collect$$_printf_percent$$00000014) for _printf_s
    gt9147.o(.text) refers to _printf_str.o(.text) for _printf_str
    gt9147.o(.text) refers to _printf_d.o(.ARM.Collect$$_printf_percent$$00000009) for _printf_d
    gt9147.o(.text) refers to _printf_dec.o(.text) for _printf_int_dec
    gt9147.o(.text) refers to ctiic.o(.text) for CT_IIC_Start
    gt9147.o(.text) refers to stm32f4xx_rcc.o(.text) for RCC_AHB1PeriphClockCmd
    gt9147.o(.text) refers to stm32f4xx_gpio.o(.text) for GPIO_Init
    gt9147.o(.text) refers to delay.o(.text) for delay_ms
    gt9147.o(.text) refers to noretval__2printf.o(.text) for __2printf
    gt9147.o(.text) refers to strcmpv7m.o(.text) for strcmp
    gt9147.o(.text) refers to gt9147.o(.constdata) for GT9147_CFG_TBL
    gt9147.o(.text) refers to gt9147.o(.data) for t
    gt9147.o(.text) refers to touch.o(.data) for tp_dev
    gt9147.o(.text) refers to lcd.o(.bss) for lcddev
    ott2001a.o(.text) refers to _printf_percent.o(.ARM.Collect$$_printf_percent$$00000000) for _printf_percent
    ott2001a.o(.text) refers to _printf_x.o(.ARM.Collect$$_printf_percent$$0000000C) for _printf_x
    ott2001a.o(.text) refers to _printf_hex_int.o(.text) for _printf_longlong_hex
    ott2001a.o(.text) refers to ctiic.o(.text) for CT_IIC_Start
    ott2001a.o(.text) refers to stm32f4xx_rcc.o(.text) for RCC_AHB1PeriphClockCmd
    ott2001a.o(.text) refers to stm32f4xx_gpio.o(.text) for GPIO_Init
    ott2001a.o(.text) refers to delay.o(.text) for delay_ms
    ott2001a.o(.text) refers to noretval__2printf.o(.text) for __2printf
    ott2001a.o(.text) refers to dflt_clz.o(x$fpl$dflt) for __aeabi_i2d
[...]
    lv_arc_get_bg_angle_end                  0x08027fa5   Thumb Code    44  lv_arc.o(.text)
    lv_arc_get_min_value                     0x08027fd1   Thumb Code    46  lv_arc.o(.text)
    lv_arc_get_max_value                     0x08027fff   Thumb Code    46  lv_arc.o(.text)
    lv_arc_is_dragged                        0x0802802d   Thumb Code    50  lv_arc.o(.text)
    lv_arc_get_type                          0x0802805f   Thumb Code    50  lv_arc.o(.text)
    lv_arc_get_adjustable                    0x08028091   Thumb Code    50  lv_arc.o(.text)
    lv_bar_set_value                         0x0802820b   Thumb Code   144  lv_bar.o(.text)
    lv_bar_create                            0x08028977   Thumb Code   320  lv_bar.o(.text)
    lv_bar_set_start_value                   0x08028ab7   Thumb Code   146  lv_bar.o(.text)
    lv_bar_get_type                          0x08028b49   Thumb Code    50  lv_bar.o(.text)
    lv_bar_set_range                         0x08028b7b   Thumb Code   176  lv_bar.o(.text)
    lv_bar_set_type                          0x08028c2b   Thumb Code    70  lv_bar.o(.text)
    lv_bar_set_anim_time                     0x08028c71   Thumb Code    48  lv_bar.o(.text)
    lv_bar_get_value                         0x08028ca1   Thumb Code    60  lv_bar.o(.text)
    lv_bar_get_start_value                   0x08028cdd   Thumb Code    78  lv_bar.o(.text)
    lv_bar_get_min_value                     0x08028d2b   Thumb Code    46  lv_bar.o(.text)
    lv_bar_get_max_value                     0x08028d59   Thumb Code    46  lv_bar.o(.text)
    lv_bar_get_anim_time                     0x08028d87   Thumb Code    46  lv_bar.o(.text)
    lv_btn_set_state                         0x08028e2b   Thumb Code   150  lv_btn.o(.text)
    lv_btn_get_checkable                     0x08028ec1   Thumb Code    46  lv_btn.o(.text)
    lv_btn_create                            0x08028feb   Thumb Code   234  lv_btn.o(.text)
    lv_btn_set_checkable                     0x080290d5   Thumb Code    44  lv_btn.o(.text)
    lv_btn_toggle                            0x08029101   Thumb Code    64  lv_btn.o(.text)
    lv_btn_get_state                         0x08029141   Thumb Code    94  lv_btn.o(.text)
    lv_btnmatrix_set_map                     0x080292c7   Thumb Code   748  lv_btnmatrix.o(.text)
    lv_btnmatrix_set_ctrl_map                0x080295b3   Thumb Code    62  lv_btnmatrix.o(.text)
    lv_btnmatrix_get_align                   0x0802962d   Thumb Code    56  lv_btnmatrix.o(.text)
    lv_btnmatrix_clear_btn_ctrl              0x08029b13   Thumb Code    82  lv_btnmatrix.o(.text)
    lv_btnmatrix_clear_btn_ctrl_all          0x08029b65   Thumb Code    72  lv_btnmatrix.o(.text)
    lv_btnmatrix_set_btn_ctrl                0x08029bad   Thumb Code   106  lv_btnmatrix.o(.text)
    lv_btnmatrix_get_btn_ctrl                0x08029c17   Thumb Code    76  lv_btnmatrix.o(.text)
    lv_btnmatrix_create                      0x0802a4b9   Thumb Code   282  lv_btnmatrix.o(.text)
    lv_btnmatrix_set_focused_btn             0x0802a5d3   Thumb Code    90  lv_btnmatrix.o(.text)
    lv_btnmatrix_set_recolor                 0x0802a62d   Thumb Code    56  lv_btnmatrix.o(.text)
    lv_btnmatrix_set_btn_ctrl_all            0x0802a665   Thumb Code    70  lv_btnmatrix.o(.text)
    lv_btnmatrix_set_btn_width               0x0802a6ab   Thumb Code   100  lv_btnmatrix.o(.text)
    lv_btnmatrix_set_one_check               0x0802a70f   Thumb Code    58  lv_btnmatrix.o(.text)
    lv_btnmatrix_set_align                   0x0802a749   Thumb Code    70  lv_btnmatrix.o(.text)
    lv_btnmatrix_get_map_array               0x0802a78f   Thumb Code    42  lv_btnmatrix.o(.text)
    lv_btnmatrix_get_recolor                 0x0802a7b9   Thumb Code    46  lv_btnmatrix.o(.text)
    lv_btnmatrix_get_active_btn              0x0802a7e7   Thumb Code    42  lv_btnmatrix.o(.text)
    lv_btnmatrix_get_btn_text                0x0802a811   Thumb Code   108  lv_btnmatrix.o(.text)
    lv_btnmatrix_get_active_btn_text         0x0802a87d   Thumb Code    62  lv_btnmatrix.o(.text)
    lv_btnmatrix_get_focused_btn             0x0802a8bb   Thumb Code    72  lv_btnmatrix.o(.text)
    lv_btnmatrix_get_one_check               0x0802a903   Thumb Code    46  lv_btnmatrix.o(.text)
    lv_calendar_get_day_of_week              0x0802ab3d   Thumb Code    76  lv_calendar.o(.text)
    lv_calendar_create                       0x0802b821   Thumb Code   346  lv_calendar.o(.text)
    lv_calendar_set_today_date               0x0802b97b   Thumb Code    90  lv_calendar.o(.text)
    lv_calendar_set_showed_date              0x0802b9d5   Thumb Code    90  lv_calendar.o(.text)
    lv_calendar_set_highlighted_dates        0x0802ba2f   Thumb Code    88  lv_calendar.o(.text)
    lv_calendar_set_day_names                0x0802ba87   Thumb Code    80  lv_calendar.o(.text)
    lv_calendar_set_month_names              0x0802bad7   Thumb Code    80  lv_calendar.o(.text)
    lv_calendar_get_today_date               0x0802bb27   Thumb Code    44  lv_calendar.o(.text)
    lv_calendar_get_showed_date              0x0802bb53   Thumb Code    44  lv_calendar.o(.text)
    lv_calendar_get_pressed_date             0x0802bb7f   Thumb Code    54  lv_calendar.o(.text)
    lv_calendar_get_highlighted_dates        0x0802bbb5   Thumb Code    44  lv_calendar.o(.text)
    lv_calendar_get_highlighted_dates_num    0x0802bbe1   Thumb Code    44  lv_calendar.o(.text)
    lv_calendar_get_day_names                0x0802bc0d   Thumb Code    78  lv_calendar.o(.text)
    lv_calendar_get_month_names              0x0802bc5b   Thumb Code    44  lv_calendar.o(.text)
    lv_chart_get_series_area                 0x0802cc8f   Thumb Code    86  lv_chart.o(.text)
    lv_chart_create                          0x0802ce8f   Thumb Code   486  lv_chart.o(.text)
    lv_chart_add_series                      0x0802d075   Thumb Code   276  lv_chart.o(.text)
    lv_chart_remove_series                   0x0802d189   Thumb Code   112  lv_chart.o(.text)
    lv_chart_add_cursor                      0x0802d1f9   Thumb Code   108  lv_chart.o(.text)
    lv_chart_clear_series                    0x0802d265   Thumb Code   114  lv_chart.o(.text)
    lv_chart_refresh                         0x0802d2d7   Thumb Code    40  lv_chart.o(.text)
    lv_chart_hide_series                     0x0802d2ff   Thumb Code    80  lv_chart.o(.text)
    lv_chart_set_div_line_count              0x0802d34f   Thumb Code    84  lv_chart.o(.text)
    lv_chart_set_y_range                     0x0802d3a3   Thumb Code   120  lv_chart.o(.text)
    lv_chart_set_type                        0x0802d41b   Thumb Code    66  lv_chart.o(.text)
    lv_chart_set_point_count                 0x0802d45d   Thumb Code   344  lv_chart.o(.text)
    lv_chart_init_points                     0x0802d5b5   Thumb Code   108  lv_chart.o(.text)
    lv_chart_set_points                      0x0802d621   Thumb Code   100  lv_chart.o(.text)
    lv_chart_set_next                        0x0802d7f5   Thumb Code   190  lv_chart.o(.text)
    lv_chart_set_update_mode                 0x0802d8b3   Thumb Code    70  lv_chart.o(.text)
    lv_chart_set_x_tick_length               0x0802d8f9   Thumb Code    58  lv_chart.o(.text)
    lv_chart_set_y_tick_length               0x0802d933   Thumb Code    58  lv_chart.o(.text)
    lv_chart_set_secondary_y_tick_length     0x0802d96d   Thumb Code    58  lv_chart.o(.text)
    lv_chart_set_x_tick_texts                0x0802d9a7   Thumb Code    90  lv_chart.o(.text)
    lv_chart_set_y_tick_texts                0x0802da01   Thumb Code    90  lv_chart.o(.text)
    lv_chart_set_secondary_y_tick_texts      0x0802da5b   Thumb Code    90  lv_chart.o(.text)
    lv_chart_set_x_start_point               0x0802dab5   Thumb Code   100  lv_chart.o(.text)
    lv_chart_set_ext_array                   0x0802db19   Thumb Code   122  lv_chart.o(.text)
    lv_chart_set_point_id                    0x0802db93   Thumb Code   106  lv_chart.o(.text)
    lv_chart_set_series_axis                 0x0802dbfd   Thumb Code   100  lv_chart.o(.text)
    lv_chart_set_cursor_point                0x0802dc61   Thumb Code    52  lv_chart.o(.text)
    lv_chart_get_type                        0x0802dc95   Thumb Code    46  lv_chart.o(.text)
    lv_chart_get_point_count                 0x0802dcc3   Thumb Code    44  lv_chart.o(.text)
    lv_chart_get_x_start_point               0x0802dcef   Thumb Code    36  lv_chart.o(.text)
    lv_chart_get_point_id                    0x0802dd13   Thumb Code    92  lv_chart.o(.text)
    lv_chart_get_series_axis                 0x0802dd6f   Thumb Code    42  lv_chart.o(.text)
    lv_chart_get_cursor_point                0x0802dd99   Thumb Code    40  lv_chart.o(.text)
    lv_chart_get_nearest_index_from_coord    0x0802ddc1   Thumb Code   110  lv_chart.o(.text)
    lv_chart_get_x_from_index                0x0802de2f   Thumb Code   260  lv_chart.o(.text)
    lv_chart_get_y_from_index                0x0802df33   Thumb Code   172  lv_chart.o(.text)
    lv_checkbox_set_text                     0x0802e085   Thumb Code    50  lv_checkbox.o(.text)
    lv_checkbox_create                       0x0802e247   Thumb Code   264  lv_checkbox.o(.text)
    lv_checkbox_set_text_static              0x0802e34f   Thumb Code    50  lv_checkbox.o(.text)
    lv_checkbox_set_checked                  0x0802e381   Thumb Code   100  lv_checkbox.o(.text)
    lv_checkbox_set_disabled                 0x0802e3e5   Thumb Code    54  lv_checkbox.o(.text)
    lv_checkbox_set_state                    0x0802e41b   Thumb Code    80  lv_checkbox.o(.text)
    lv_checkbox_get_text                     0x0802e46b   Thumb Code   112  lv_checkbox.o(.text)
    lv_cont_get_layout                       0x0802e9e1   Thumb Code    46  lv_cont.o(.text)
    lv_cont_create                           0x0802f169   Thumb Code   284  lv_cont.o(.text)
    lv_cont_set_layout                       0x0802f285   Thumb Code    76  lv_cont.o(.text)
    lv_cont_set_fit4                         0x0802f2d1   Thumb Code   146  lv_cont.o(.text)
    lv_cont_get_fit_left                     0x0802f363   Thumb Code    48  lv_cont.o(.text)
    lv_cont_get_fit_right                    0x0802f393   Thumb Code    46  lv_cont.o(.text)
    lv_cont_get_fit_top                      0x0802f3c1   Thumb Code    48  lv_cont.o(.text)
    lv_cont_get_fit_bottom                   0x0802f3f1   Thumb Code    48  lv_cont.o(.text)
    lv_dropdown_get_options                  0x0802f4e9   Thumb Code    42  lv_dropdown.o(.text)
    lv_dropdown_set_options_static           0x0802f513   Thumb Code   152  lv_dropdown.o(.text)
    lv_dropdown_set_options                  0x0802f5ab   Thumb Code   210  lv_dropdown.o(.text)
    lv_dropdown_get_selected_str             0x0802f67d   Thumb Code   140  lv_dropdown.o(.text)
    lv_dropdown_close                        0x0802f969   Thumb Code    38  lv_dropdown.o(.text)
    lv_dropdown_open                         0x08030023   Thumb Code   864  lv_dropdown.o(.text)
    lv_dropdown_create                       0x0803062b   Thumb Code   582  lv_dropdown.o(.text)
    lv_dropdown_set_text                     0x08030871   Thumb Code    62  lv_dropdown.o(.text)
    lv_dropdown_clear_options                0x080308af   Thumb Code    92  lv_dropdown.o(.text)
    lv_dropdown_add_option                   0x0803090b   Thumb Code   438  lv_dropdown.o(.text)
    lv_dropdown_set_selected                 0x08030ac1   Thumb Code    78  lv_dropdown.o(.text)
    lv_dropdown_set_dir                      0x08030b0f   Thumb Code    76  lv_dropdown.o(.text)
    lv_dropdown_set_max_height               0x08030b5b   Thumb Code   108  lv_dropdown.o(.text)
    lv_dropdown_set_symbol                   0x08030bc7   Thumb Code    50  lv_dropdown.o(.text)
    lv_dropdown_set_show_selected            0x08030bf9   Thumb Code    76  lv_dropdown.o(.text)
    lv_dropdown_get_text                     0x08030c45   Thumb Code    42  lv_dropdown.o(.text)
    lv_dropdown_get_selected                 0x08030c6f   Thumb Code    42  lv_dropdown.o(.text)
    lv_dropdown_get_option_cnt               0x08030c99   Thumb Code    42  lv_dropdown.o(.text)
    lv_dropdown_get_max_height               0x08030cc3   Thumb Code    44  lv_dropdown.o(.text)
    lv_dropdown_get_symbol                   0x08030cef   Thumb Code    56  lv_dropdown.o(.text)
    lv_dropdown_get_dir                      0x08030d27   Thumb Code    48  lv_dropdown.o(.text)
    lv_dropdown_get_show_selected            0x08030d57   Thumb Code    48  lv_dropdown.o(.text)
    lv_gauge_set_needle_count                0x08030e1d   Thumb Code   162  lv_gauge.o(.text)
    lv_gauge_set_scale                       0x08030ebf   Thumb Code    70  lv_gauge.o(.text)
    lv_gauge_create                          0x080314c9   Thumb Code   348  lv_gauge.o(.text)
    lv_gauge_set_value                       0x08031625   Thumb Code   688  lv_gauge.o(.text)
    lv_gauge_set_needle_img                  0x080318d5   Thumb Code    66  lv_gauge.o(.text)
    lv_gauge_set_formatter_cb                0x08031917   Thumb Code    46  lv_gauge.o(.text)
    lv_gauge_get_value                       0x08031945   Thumb Code    74  lv_gauge.o(.text)
    lv_gauge_get_needle_count                0x0803198f   Thumb Code    46  lv_gauge.o(.text)
    lv_gauge_get_label_count                 0x080319bd   Thumb Code    46  lv_gauge.o(.text)
    lv_gauge_get_needle_img                  0x080319eb   Thumb Code    44  lv_gauge.o(.text)
    lv_gauge_get_needle_img_pivot_x          0x08031a17   Thumb Code    46  lv_gauge.o(.text)
    lv_gauge_get_needle_img_pivot_y          0x08031a45   Thumb Code    46  lv_gauge.o(.text)
    lv_img_get_auto_size                     0x08031ae1   Thumb Code    46  lv_img.o(.text)
    lv_img_set_src                           0x08031b0f   Thumb Code   468  lv_img.o(.text)
    lv_img_create                            0x08032669   Thumb Code   362  lv_img.o(.text)
    lv_img_set_auto_size                     0x080327d3   Thumb Code    52  lv_img.o(.text)
    lv_img_set_offset_x                      0x08032807   Thumb Code    64  lv_img.o(.text)
    lv_img_set_offset_y                      0x08032847   Thumb Code    64  lv_img.o(.text)
    lv_img_set_pivot                         0x08032887   Thumb Code   284  lv_img.o(.text)
    lv_img_set_angle                         0x080329a3   Thumb Code   284  lv_img.o(.text)
    lv_img_set_zoom                          0x08032abf   Thumb Code   286  lv_img.o(.text)
    lv_img_set_antialias                     0x08032bdd   Thumb Code    38  lv_img.o(.text)
    lv_img_get_src                           0x08032c03   Thumb Code    44  lv_img.o(.text)
    lv_img_get_file_name                     0x08032c2f   Thumb Code    60  lv_img.o(.text)
    lv_img_get_offset_x                      0x08032c6b   Thumb Code    46  lv_img.o(.text)
    lv_img_get_offset_y                      0x08032c99   Thumb Code    46  lv_img.o(.text)
    lv_img_get_pivot                         0x08032cc7   Thumb Code    50  lv_img.o(.text)
    lv_img_get_angle                         0x08032cf9   Thumb Code    44  lv_img.o(.text)
    lv_img_get_zoom                          0x08032d25   Thumb Code    44  lv_img.o(.text)
    lv_img_get_antialias                     0x08032d51   Thumb Code    48  lv_img.o(.text)
    lv_keyboard_set_textarea                 0x08032e21   Thumb Code   116  lv_keyboard.o(.text)
    lv_keyboard_def_event_cb                 0x08032e95   Thumb Code   582  lv_keyboard.o(.text)
    lv_keyboard_create                       0x08033159   Thumb Code   448  lv_keyboard.o(.text)
    lv_keyboard_set_mode                     0x08033319   Thumb Code    84  lv_keyboard.o(.text)
    lv_keyboard_set_cursor_manage            0x0803336d   Thumb Code    96  lv_keyboard.o(.text)
    lv_keyboard_set_map                      0x080333fb   Thumb Code    22  lv_keyboard.o(.text)
    lv_keyboard_set_ctrl_map                 0x08033411   Thumb Code    22  lv_keyboard.o(.text)
    lv_keyboard_get_textarea                 0x08033427   Thumb Code    44  lv_keyboard.o(.text)
    lv_keyboard_get_mode                     0x08033453   Thumb Code    46  lv_keyboard.o(.text)
    lv_keyboard_get_cursor_manage            0x08033481   Thumb Code    50  lv_keyboard.o(.text)
    lv_label_get_text                        0x08033539   Thumb Code    42  lv_label.o(.text)
    lv_label_get_align                       0x08033563   Thumb Code    54  lv_label.o(.text)
    lv_label_get_letter_on                   0x080335f7   Thumb Code   616  lv_label.o(.text)
    lv_label_refr_text                       0x0803388f   Thumb Code  1484  lv_label.o(.text)
    lv_label_set_text_static                 0x08033e5b   Thumb Code    86  lv_label.o(.text)
    lv_label_set_text                        0x08033eb1   Thumb Code   252  lv_label.o(.text)
    lv_label_set_align                       0x08033fad   Thumb Code    72  lv_label.o(.text)
    lv_label_get_recolor                     0x08033ff5   Thumb Code    48  lv_label.o(.text)
    lv_label_set_recolor                     0x08034025   Thumb Code    72  lv_label.o(.text)
    lv_label_get_long_mode                   0x0803406d   Thumb Code    48  lv_label.o(.text)
    lv_label_set_long_mode                   0x0803412d   Thumb Code   156  lv_label.o(.text)
    lv_label_get_style                       0x080341c9   Thumb Code    18  lv_label.o(.text)
    lv_label_get_text_sel_end                0x080342d5   Thumb Code    38  lv_label.o(.text)
    lv_label_get_text_sel_start              0x080342fb   Thumb Code    90  lv_label.o(.text)
    lv_label_create                          0x080345cf   Thumb Code   490  lv_label.o(.text)
    lv_label_set_text_fmt                    0x080347b9   Thumb Code   150  lv_label.o(.text)
    lv_label_set_anim_speed                  0x0803484f   Thumb Code    82  lv_label.o(.text)
    lv_label_set_text_sel_start              0x080348a1   Thumb Code    36  lv_label.o(.text)
    lv_label_set_text_sel_end                0x080348c5   Thumb Code    36  lv_label.o(.text)
    lv_label_get_anim_speed                  0x080348e9   Thumb Code    44  lv_label.o(.text)
    lv_label_get_letter_pos                  0x08034915   Thumb Code   572  lv_label.o(.text)
    lv_label_is_char_under_pos               0x08034b51   Thumb Code   550  lv_label.o(.text)
    lv_label_ins_text                        0x08034d77   Thumb Code   214  lv_label.o(.text)
    lv_label_cut_text                        0x08034e4d   Thumb Code    90  lv_label.o(.text)
    lv_led_create                            0x0803513d   Thumb Code   204  lv_led.o(.text)
    lv_led_set_bright                        0x08035209   Thumb Code    72  lv_led.o(.text)
    lv_led_on                                0x08035251   Thumb Code    40  lv_led.o(.text)
    lv_led_off                               0x08035279   Thumb Code    40  lv_led.o(.text)
    lv_led_get_bright                        0x080352a1   Thumb Code    42  lv_led.o(.text)
    lv_led_toggle                            0x080352cb   Thumb Code    58  lv_led.o(.text)
    lv_linemeter_draw_scale                  0x0803533d   Thumb Code  1218  lv_linemeter.o(.text)
    lv_linemeter_create                      0x08035889   Thumb Code   224  lv_linemeter.o(.text)
    lv_linemeter_set_value                   0x08035969   Thumb Code   150  lv_linemeter.o(.text)
    lv_linemeter_set_range                   0x080359ff   Thumb Code   106  lv_linemeter.o(.text)
    lv_linemeter_set_scale                   0x08035a69   Thumb Code    74  lv_linemeter.o(.text)
    lv_linemeter_set_angle_offset            0x08035ab3   Thumb Code    34  lv_linemeter.o(.text)
    lv_linemeter_set_mirror                  0x08035ad5   Thumb Code    38  lv_linemeter.o(.text)
    lv_linemeter_get_value                   0x08035afb   Thumb Code    42  lv_linemeter.o(.text)
    lv_linemeter_get_min_value               0x08035b25   Thumb Code    42  lv_linemeter.o(.text)
    lv_linemeter_get_max_value               0x08035b4f   Thumb Code    42  lv_linemeter.o(.text)
    lv_linemeter_get_line_count              0x08035b79   Thumb Code    42  lv_linemeter.o(.text)
    lv_linemeter_get_scale_angle             0x08035ba3   Thumb Code    42  lv_linemeter.o(.text)
    lv_linemeter_get_angle_offset            0x08035bcd   Thumb Code    16  lv_linemeter.o(.text)
    lv_linemeter_get_mirror                  0x08035bdd   Thumb Code    20  lv_linemeter.o(.text)
    lv_list_get_next_btn                     0x08035d0b   Thumb Code    92  lv_list.o(.text)
    lv_list_get_btn_label                    0x08035da5   Thumb Code    78  lv_list.o(.text)
    lv_list_get_btn_text                     0x08035df3   Thumb Code    52  lv_list.o(.text)
    lv_list_focus_btn                        0x08035e27   Thumb Code   110  lv_list.o(.text)
    lv_list_get_btn_selected                 0x08035e95   Thumb Code    42  lv_list.o(.text)
    lv_list_get_layout                       0x08036011   Thumb Code    46  lv_list.o(.text)
    lv_list_get_prev_btn                     0x0803603f   Thumb Code    92  lv_list.o(.text)
    lv_list_add_btn                          0x0803609b   Thumb Code   550  lv_list.o(.text)
    lv_list_get_btn_img                      0x080362ff   Thumb Code    80  lv_list.o(.text)
    lv_list_create                           0x080366b9   Thumb Code   282  lv_list.o(.text)
    lv_list_clean                            0x080367d3   Thumb Code    48  lv_list.o(.text)
    lv_list_remove                           0x08036803   Thumb Code   116  lv_list.o(.text)
    lv_list_set_layout                       0x08036877   Thumb Code   200  lv_list.o(.text)
    lv_list_get_btn_index                    0x0803693f   Thumb Code   124  lv_list.o(.text)
    lv_list_get_size                         0x080369bb   Thumb Code    68  lv_list.o(.text)
    lv_list_up                               0x080369ff   Thumb Code   234  lv_list.o(.text)
    lv_list_down                             0x08036ae9   Thumb Code   176  lv_list.o(.text)
    lv_list_focus                            0x08036b99   Thumb Code    78  lv_list.o(.text)
    lv_msgbox_get_anim_time                  0x08036c91   Thumb Code    42  lv_msgbox.o(.text)
    lv_msgbox_start_auto_close               0x08036cc7   Thumb Code   250  lv_msgbox.o(.text)
    lv_msgbox_get_active_btn                 0x08036dc1   Thumb Code    76  lv_msgbox.o(.text)
    lv_msgbox_create                         0x08037177   Thumb Code   456  lv_msgbox.o(.text)
    lv_msgbox_add_btns                       0x08037385   Thumb Code   182  lv_msgbox.o(.text)
    lv_msgbox_set_text                       0x0803743b   Thumb Code    86  lv_msgbox.o(.text)
    lv_msgbox_set_text_fmt                   0x08037491   Thumb Code   142  lv_msgbox.o(.text)
    lv_msgbox_set_anim_time                  0x0803751f   Thumb Code    46  lv_msgbox.o(.text)
    lv_msgbox_stop_auto_close                0x0803754d   Thumb Code    84  lv_msgbox.o(.text)
    lv_msgbox_set_recolor                    0x080375a1   Thumb Code    56  lv_msgbox.o(.text)
    lv_msgbox_get_text                       0x080375d9   Thumb Code    48  lv_msgbox.o(.text)
    lv_msgbox_get_active_btn_text            0x08037609   Thumb Code    56  lv_msgbox.o(.text)
    lv_msgbox_get_recolor                    0x08037641   Thumb Code    56  lv_msgbox.o(.text)
    lv_msgbox_get_btnmatrix                  0x08037679   Thumb Code    44  lv_msgbox.o(.text)
    lv_page_get_scrollable                   0x0803770b   Thumb Code    42  lv_page.o(.text)
    lv_page_set_scrollbar_mode               0x08037c2d   Thumb Code   178  lv_page.o(.text)
    lv_page_get_anim_time                    0x08037fb9   Thumb Code    44  lv_page.o(.text)
    lv_page_scroll_hor                       0x08037fe5   Thumb Code    96  lv_page.o(.text)
    lv_page_scroll_ver                       0x08038045   Thumb Code    96  lv_page.o(.text)
    lv_page_start_edge_flash                 0x08038583   Thumb Code   238  lv_page.o(.text)
    lv_page_on_edge                          0x080387e1   Thumb Code   178  lv_page.o(.text)
    lv_page_create                           0x08038cd1   Thumb Code   472  lv_page.o(.text)
    lv_page_clean                            0x08038ea9   Thumb Code    46  lv_page.o(.text)
    lv_page_set_anim_time                    0x08038ed7   Thumb Code    44  lv_page.o(.text)
    lv_page_set_scroll_propagation           0x08038f03   Thumb Code    66  lv_page.o(.text)
    lv_page_set_edge_flash                   0x08038f45   Thumb Code    54  lv_page.o(.text)
    lv_page_get_scrollbar_mode               0x08038f7b   Thumb Code    48  lv_page.o(.text)
    lv_page_get_scroll_propagation           0x08038fab   Thumb Code    48  lv_page.o(.text)
    lv_page_get_edge_flash                   0x08038fdb   Thumb Code    48  lv_page.o(.text)
    lv_page_get_width_fit                    0x0803900b   Thumb Code   104  lv_page.o(.text)
    lv_page_get_height_fit                   0x08039073   Thumb Code   150  lv_page.o(.text)
    lv_page_get_width_grid                   0x08039109   Thumb Code    58  lv_page.o(.text)
    lv_page_get_height_grid                  0x08039143   Thumb Code    58  lv_page.o(.text)
    lv_page_glue_obj                         0x0803917d   Thumb Code    24  lv_page.o(.text)
    lv_page_focus                            0x08039195   Thumb Code   588  lv_page.o(.text)
    lv_roller_get_auto_fit                   0x08039691   Thumb Code    48  lv_roller.o(.text)
    lv_roller_set_selected                   0x080397cb   Thumb Code   126  lv_roller.o(.text)
    lv_roller_set_visible_row_count          0x08039b17   Thumb Code    94  lv_roller.o(.text)
    lv_roller_set_options                    0x08039b75   Thumb Code   308  lv_roller.o(.text)
    lv_roller_get_align                      0x08039ddb   Thumb Code    46  lv_roller.o(.text)
    lv_roller_create                         0x0803a42f   Thumb Code   458  lv_roller.o(.text)
    lv_roller_set_align                      0x0803a5f9   Thumb Code    64  lv_roller.o(.text)
    lv_roller_set_auto_fit                   0x0803a639   Thumb Code   160  lv_roller.o(.text)
    lv_roller_get_selected                   0x0803a6d9   Thumb Code    84  lv_roller.o(.text)
    lv_roller_get_selected_str               0x0803a72d   Thumb Code   160  lv_roller.o(.text)
    lv_roller_get_option_cnt                 0x0803a7cd   Thumb Code    70  lv_roller.o(.text)
    lv_roller_get_options                    0x0803a813   Thumb Code    46  lv_roller.o(.text)
    lv_slider_get_value                      0x0803ab2f   Thumb Code    38  lv_slider.o(.text)
    lv_slider_create                         0x0803b293   Thumb Code   292  lv_slider.o(.text)
    lv_slider_is_dragged                     0x0803b3b7   Thumb Code    50  lv_slider.o(.text)
    lv_switch_off                            0x0803b5e1   Thumb Code    64  lv_switch.o(.text)
    lv_switch_on                             0x0803b621   Thumb Code    66  lv_switch.o(.text)
    lv_switch_create                         0x0803b85d   Thumb Code   408  lv_switch.o(.text)
    lv_switch_toggle                         0x0803b9f5   Thumb Code    68  lv_switch.o(.text)
    lv_table_set_col_cnt                     0x0803bdbf   Thumb Code   174  lv_table.o(.text)
    lv_table_set_row_cnt                     0x0803be6d   Thumb Code   230  lv_table.o(.text)
    lv_table_create                          0x0803c7fd   Thumb Code   302  lv_table.o(.text)
    lv_table_set_cell_value                  0x0803c92b   Thumb Code   334  lv_table.o(.text)
    lv_table_set_cell_value_fmt              0x0803ca79   Thumb Code   408  lv_table.o(.text)
    lv_table_set_col_width                   0x0803cc11   Thumb Code    72  lv_table.o(.text)
    lv_table_set_cell_align                  0x0803cc59   Thumb Code   202  lv_table.o(.text)
    lv_table_set_cell_type                   0x0803cd23   Thumb Code   240  lv_table.o(.text)
    lv_table_set_cell_crop                   0x0803ce13   Thumb Code   202  lv_table.o(.text)
    lv_table_set_cell_merge_right            0x0803cedd   Thumb Code   208  lv_table.o(.text)
    lv_table_get_cell_value                  0x0803cfad   Thumb Code    96  lv_table.o(.text)
    lv_table_get_row_cnt                     0x0803d00d   Thumb Code    44  lv_table.o(.text)
    lv_table_get_col_cnt                     0x0803d039   Thumb Code    44  lv_table.o(.text)
    lv_table_get_col_width                   0x0803d065   Thumb Code    60  lv_table.o(.text)
    lv_table_get_cell_align                  0x0803d0a1   Thumb Code   102  lv_table.o(.text)
    lv_table_get_cell_type                   0x0803d107   Thumb Code   104  lv_table.o(.text)
    lv_table_get_cell_crop                   0x0803d16f   Thumb Code   100  lv_table.o(.text)
    lv_table_get_cell_merge_right            0x0803d1d3   Thumb Code   100  lv_table.o(.text)
    lv_table_get_pressed_cell                0x0803d237   Thumb Code   242  lv_table.o(.text)
    lv_tabview_get_anim_time                 0x0803d385   Thumb Code    42  lv_tabview.o(.text)
    lv_tabview_set_tab_act                   0x0803d3af   Thumb Code   618  lv_tabview.o(.text)
    lv_tabview_get_tab                       0x0803d9eb   Thumb Code   116  lv_tabview.o(.text)
    lv_tabview_add_tab                       0x0803da5f   Thumb Code   562  lv_tabview.o(.text)
    lv_tabview_get_tab_act                   0x0803dc91   Thumb Code    44  lv_tabview.o(.text)
    lv_tabview_create                        0x0803e18b   Thumb Code   778  lv_tabview.o(.text)
    lv_tabview_clean_tab                     0x0803e495   Thumb Code    48  lv_tabview.o(.text)
    lv_tabview_set_tab_name                  0x0803e4c5   Thumb Code   130  lv_tabview.o(.text)
    lv_tabview_set_anim_time                 0x0803e547   Thumb Code    46  lv_tabview.o(.text)
    lv_tabview_set_btns_pos                  0x0803e575   Thumb Code    98  lv_tabview.o(.text)
    lv_tabview_get_tab_count                 0x0803e5d7   Thumb Code    44  lv_tabview.o(.text)
    lv_tabview_get_btns_pos                  0x0803e603   Thumb Code    48  lv_tabview.o(.text)
    lv_textarea_get_cursor_pos               0x0803e785   Thumb Code    42  lv_textarea.o(.text)
    lv_textarea_get_label                    0x0803e9cf   Thumb Code    42  lv_textarea.o(.text)
    lv_textarea_set_text_align               0x0803e9f9   Thumb Code   152  lv_textarea.o(.text)
    lv_textarea_set_one_line                 0x0803ea91   Thumb Code   302  lv_textarea.o(.text)
    lv_textarea_set_placeholder_text         0x0803ebbf   Thumb Code   176  lv_textarea.o(.text)
    lv_textarea_set_cursor_pos               0x0803ef25   Thumb Code   520  lv_textarea.o(.text)
    lv_textarea_clear_selection              0x0803f303   Thumb Code    34  lv_textarea.o(.text)
    lv_textarea_get_text                     0x0803f325   Thumb Code    66  lv_textarea.o(.text)
    lv_textarea_get_max_length               0x0803f3cd   Thumb Code    44  lv_textarea.o(.text)
    lv_textarea_get_accepted_chars           0x0803f3f9   Thumb Code    44  lv_textarea.o(.text)
    lv_textarea_add_text                     0x0803f425   Thumb Code   490  lv_textarea.o(.text)
    lv_textarea_add_char                     0x0803f655   Thumb Code   418  lv_textarea.o(.text)
    lv_textarea_get_one_line                 0x0803f7f7   Thumb Code    50  lv_textarea.o(.text)
    lv_textarea_del_char                     0x0803f829   Thumb Code   306  lv_textarea.o(.text)
    lv_textarea_del_char_forward             0x0803f95b   Thumb Code   102  lv_textarea.o(.text)
    lv_textarea_cursor_down                  0x0803f9c1   Thumb Code   158  lv_textarea.o(.text)
    lv_textarea_cursor_up                    0x0803fa5f   Thumb Code   142  lv_textarea.o(.text)
    lv_textarea_cursor_left                  0x0803faed   Thumb Code    54  lv_textarea.o(.text)
    lv_textarea_cursor_right                 0x0803fb23   Thumb Code    52  lv_textarea.o(.text)
    lv_textarea_create                       0x0803fde7   Thumb Code   818  lv_textarea.o(.text)
    lv_textarea_set_text                     0x08040119   Thumb Code   436  lv_textarea.o(.text)
    lv_textarea_set_cursor_hidden            0x080402cd   Thumb Code    60  lv_textarea.o(.text)
    lv_textarea_set_cursor_click_pos         0x08040309   Thumb Code    54  lv_textarea.o(.text)
    lv_textarea_set_pwd_mode                 0x0804033f   Thumb Code   186  lv_textarea.o(.text)
    lv_textarea_set_accepted_chars           0x080403f9   Thumb Code    44  lv_textarea.o(.text)
    lv_textarea_set_max_length               0x08040425   Thumb Code    80  lv_textarea.o(.text)
    lv_textarea_set_insert_replace           0x08040475   Thumb Code    38  lv_textarea.o(.text)
    lv_textarea_set_text_sel                 0x0804049b   Thumb Code    34  lv_textarea.o(.text)
    lv_textarea_set_pwd_show_time            0x080404bd   Thumb Code    46  lv_textarea.o(.text)
    lv_textarea_set_cursor_blink_time        0x080404eb   Thumb Code   160  lv_textarea.o(.text)
    lv_textarea_get_placeholder_text         0x0804058b   Thumb Code    52  lv_textarea.o(.text)
    lv_textarea_get_cursor_hidden            0x080405bf   Thumb Code    48  lv_textarea.o(.text)
    lv_textarea_get_cursor_click_pos         0x080405ef   Thumb Code    48  lv_textarea.o(.text)
    lv_textarea_get_pwd_mode                 0x0804061f   Thumb Code    48  lv_textarea.o(.text)
    lv_textarea_text_is_selected             0x0804064f   Thumb Code    34  lv_textarea.o(.text)
    lv_textarea_get_text_sel_en              0x08040671   Thumb Code    34  lv_textarea.o(.text)
    lv_textarea_get_pwd_show_time            0x08040693   Thumb Code    44  lv_textarea.o(.text)
    lv_textarea_get_cursor_blink_time        0x080406bf   Thumb Code    44  lv_textarea.o(.text)
    lv_port_disp_init                        0x080408d7   Thumb Code    70  lv_port_disp.o(.text)
    lv_port_indev_init                       0x08040a1d   Thumb Code    34  lv_port_indev.o(.text)
    lv_demo_widgets                          0x08042105   Thumb Code   518  lv_demo_widgets.o(.text)
    __use_no_semihosting                     0x0804250b   Thumb Code     2  use_no_semi_2.o(.text)
    __aeabi_uldivmod                         0x0804250d   Thumb Code     0  lludivv7m.o(.text)
    _ll_udiv                                 0x0804250d   Thumb Code   238  lludivv7m.o(.text)
    __2printf                                0x080425fd   Thumb Code    20  noretval__2printf.o(.text)
    __printf                                 0x08042615   Thumb Code   104  __printf.o(.text)
    _printf_str                              0x0804267d   Thumb Code    82  _printf_str.o(.text)
    _printf_int_dec                          0x080426d1   Thumb Code   104  _printf_dec.o(.text)
    _printf_int_hex                          0x08042749   Thumb Code    84  _printf_hex_int.o(.text)
    _printf_longlong_hex                     0x08042749   Thumb Code     0  _printf_hex_int.o(.text)
    memcmp                                   0x080427a1   Thumb Code    88  memcmp.o(.text)
    strcpy                                   0x080427f9   Thumb Code    72  strcpy.o(.text)
    strlen                                   0x08042841   Thumb Code    62  strlen.o(.text)
    strcat                                   0x0804287f   Thumb Code    24  strcat.o(.text)
    __aeabi_memcpy                           0x08042897   Thumb Code     0  rt_memcpy_v6.o(.text)
    __rt_memcpy                              0x08042897   Thumb Code   138  rt_memcpy_v6.o(.text)
    _memcpy_lastbytes                        0x080428fd   Thumb Code     0  rt_memcpy_v6.o(.text)
    __aeabi_memcpy4                          0x08042921   Thumb Code     0  rt_memcpy_w.o(.text)
    __aeabi_memcpy8                          0x08042921   Thumb Code     0  rt_memcpy_w.o(.text)
    __rt_memcpy_w                            0x08042921   Thumb Code   100  rt_memcpy_w.o(.text)
    _memcpy_lastbytes_aligned                0x08042969   Thumb Code     0  rt_memcpy_w.o(.text)
    strncpy                                  0x08042985   Thumb Code    86  strncpy.o(.text)
    strcmp                                   0x080429dd   Thumb Code   128  strcmpv7m.o(.text)
    __use_two_region_memory                  0x08042a5d   Thumb Code     2  heapauxi.o(.text)
    __rt_heap_escrow$2region                 0x08042a5f   Thumb Code     2  heapauxi.o(.text)
    __rt_heap_expand$2region                 0x08042a61   Thumb Code     2  heapauxi.o(.text)
    __I$use$semihosting                      0x08042a63   Thumb Code     0  use_no_semi.o(.text)
    __use_no_semihosting_swi                 0x08042a63   Thumb Code     2  use_no_semi.o(.text)
    __read_errno                             0x08042a65   Thumb Code    10  _rserrno.o(.text)
    __set_errno                              0x08042a6f   Thumb Code    12  _rserrno.o(.text)
    _printf_int_common                       0x08042a7b   Thumb Code   178  _printf_intcommon.o(.text)
    _printf_cs_common                        0x08042b2d   Thumb Code    20  _printf_char.o(.text)
    _printf_char                             0x08042b41   Thumb Code    16  _printf_char.o(.text)
    _printf_string                           0x08042b51   Thumb Code     8  _printf_char.o(.text)
    _printf_char_file                        0x08042b59   Thumb Code    32  _printf_char_file.o(.text)
    __aeabi_memclr                           0x08042b7d   Thumb Code     0  rt_memclr.o(.text)
    __rt_memclr                              0x08042b7d   Thumb Code    68  rt_memclr.o(.text)
    _memset                                  0x08042b81   Thumb Code     0  rt_memclr.o(.text)
    __aeabi_errno_addr                       0x08042bc1   Thumb Code     8  rt_errno_addr_intlibspace.o(.text)
    __errno$intlibspace                      0x08042bc1   Thumb Code     0  rt_errno_addr_intlibspace.o(.text)
    __rt_errno_addr$intlibspace              0x08042bc1   Thumb Code     0  rt_errno_addr_intlibspace.o(.text)
    _printf_char_common                      0x08042bd3   Thumb Code    32  _printf_char_common.o(.text)
    ferror                                   0x08042bf9   Thumb Code     8  ferror.o(.text)
    __aeabi_memclr4                          0x08042c01   Thumb Code     0  rt_memclr_w.o(.text)
    __aeabi_memclr8                          0x08042c01   Thumb Code     0  rt_memclr_w.o(.text)
    __rt_memclr_w                            0x08042c01   Thumb Code    78  rt_memclr_w.o(.text)
    _memset_w                                0x08042c05   Thumb Code     0  rt_memclr_w.o(.text)
    __user_libspace                          0x08042c51   Thumb Code     8  libspace.o(.text)
    __user_perproc_libspace                  0x08042c51   Thumb Code     0  libspace.o(.text)
    __user_perthread_libspace                0x08042c51   Thumb Code     0  libspace.o(.text)
    __user_setup_stackheap                   0x08042c59   Thumb Code    74  sys_stackheap_outer.o(.text)
    exit                                     0x08042ca3   Thumb Code    18  exit.o(.text)
    __hardfp_sqrt                            0x08042cb5   Thumb Code   122  sqrt.o(i.__hardfp_sqrt)
    __aeabi_dadd                             0x08042d31   Thumb Code     0  daddsub_clz.o(x$fpl$dadd)
    _dadd                                    0x08042d31   Thumb Code   332  daddsub_clz.o(x$fpl$dadd)
    __fpl_dcmp_Inf                           0x08042e81   Thumb Code    24  dcmpi.o(x$fpl$dcmpinf)
    __aeabi_d2uiz                            0x08042e99   Thumb Code     0  dfixu.o(x$fpl$dfixu)
    _dfixu                                   0x08042e99   Thumb Code    90  dfixu.o(x$fpl$dfixu)
    __aeabi_i2d                              0x08042ef3   Thumb Code     0  dflt_clz.o(x$fpl$dflt)
    _dflt                                    0x08042ef3   Thumb Code    46  dflt_clz.o(x$fpl$dflt)
    __aeabi_ui2d                             0x08042f21   Thumb Code     0  dflt_clz.o(x$fpl$dfltu)
    _dfltu                                   0x08042f21   Thumb Code    38  dflt_clz.o(x$fpl$dfltu)
    __aeabi_cdcmple                          0x08042f49   Thumb Code     0  dleqf.o(x$fpl$dleqf)
    _dcmple                                  0x08042f49   Thumb Code   120  dleqf.o(x$fpl$dleqf)
    __fpl_dcmple_InfNaN                      0x08042fab   Thumb Code     0  dleqf.o(x$fpl$dleqf)
    __aeabi_dmul                             0x08042fc1   Thumb Code     0  dmul.o(x$fpl$dmul)
    _dmul                                    0x08042fc1   Thumb Code   332  dmul.o(x$fpl$dmul)
    __fpl_dnaninf                            0x08043115   Thumb Code   156  dnaninf.o(x$fpl$dnaninf)
    __fpl_dretinf                            0x080431b1   Thumb Code    12  dretinf.o(x$fpl$dretinf)
    __aeabi_cdrcmple                         0x080431bd   Thumb Code     0  drleqf.o(x$fpl$drleqf)
    _drcmple                                 0x080431bd   Thumb Code   108  drleqf.o(x$fpl$drleqf)
    __aeabi_drsub                            0x08043229   Thumb Code     0  daddsub_clz.o(x$fpl$drsb)
    _drsb                                    0x08043229   Thumb Code    22  daddsub_clz.o(x$fpl$drsb)
    _dsqrt                                   0x08043241   Thumb Code   404  dsqrt_umaal.o(x$fpl$dsqrt)
    __aeabi_dsub                             0x080433d9   Thumb Code     0  daddsub_clz.o(x$fpl$dsub)
    _dsub                                    0x080433d9   Thumb Code   464  daddsub_clz.o(x$fpl$dsub)
    __aeabi_f2d                              0x080435ad   Thumb Code     0  f2d.o(x$fpl$f2d)
    _f2d                                     0x080435ad   Thumb Code    86  f2d.o(x$fpl$f2d)
    __fpl_fnaninf                            0x08043603   Thumb Code   140  fnaninf.o(x$fpl$fnaninf)
    _fp_init                                 0x0804368f   Thumb Code    10  fpinit.o(x$fpl$fpinit)
    __fplib_config_fpu_vfp                   0x08043697   Thumb Code     0  fpinit.o(x$fpl$fpinit)
    __fplib_config_pureend_doubles           0x08043697   Thumb Code     0  fpinit.o(x$fpl$fpinit)
    POINT_COLOR_TBL                          0x08043698   Data          10  main.o(.constdata)
    __I$use$fp                               0x08043698   Number         0  usenofp.o(x$fpl$usenofp)
    asc2_1206                                0x080436a2   Data        1140  lcd.o(.constdata)
    asc2_1608                                0x08043b16   Data        1520  lcd.o(.constdata)
    asc2_2412                                0x08044106   Data        3420  lcd.o(.constdata)
    GT9147_CFG_TBL                           0x08044e62   Data         184  gt9147.o(.constdata)
    GT9147_TPX_TBL                           0x08044f1a   Data          10  gt9147.o(.constdata)
    OTT_TPX_TBL                              0x08044f24   Data          10  ott2001a.o(.constdata)
    FT5206_TPX_TBL                           0x08044f2e   Data          10  ft5206.o(.constdata)
    TP_REMIND_MSG_TBL                        0x08044f38   Data           4  touch.o(.constdata)
    FSMC_DefaultTimingStruct                 0x08044f3c   Data          28  stm32f4xx_fsmc.o(.constdata)
    _lv_bpp1_opa_table                       0x08044f68   Data           2  lv_draw_label.o(.constdata)
    _lv_bpp2_opa_table                       0x08044f6a   Data           4  lv_draw_label.o(.constdata)
    _lv_bpp3_opa_table                       0x08044f6e   Data           8  lv_draw_label.o(.constdata)
    _lv_bpp4_opa_table                       0x08044f76   Data          16  lv_draw_label.o(.constdata)
    _lv_bpp8_opa_table                       0x08044f86   Data         256  lv_draw_label.o(.constdata)
    lv_anim_path_def                         0x080484c0   Data           8  lv_anim.o(.constdata)
    Region$$Table$$Base                      0x08048e40   Number         0  anon$$obj.o(Region$$Table)
    Region$$Table$$Limit                     0x08048e60   Number         0  anon$$obj.o(Region$$Table)
    SystemCoreClock                          0x20000000   Data           4  system_stm32f4xx.o(.data)
    AHBPrescTable                            0x20000004   Data          16  system_stm32f4xx.o(.data)
    POINT_COLOR                              0x20000014   Data           2  lcd.o(.data)
    BACK_COLOR                               0x20000016   Data           2  lcd.o(.data)
    tp_dev                                   0x2000001c   Data          52  touch.o(.data)
    CMD_RDX                                  0x20000050   Data           1  touch.o(.data)
    CMD_RDY                                  0x20000051   Data           1  touch.o(.data)
    __stdout                                 0x20000058   Data           4  usart.o(.data)
    USART_RX_STA                             0x2000005c   Data           2  usart.o(.data)
    lv_font_montserrat_14                    0x200000c0   Data          20  lv_font_montserrat_14.o(.data)
    _lv_img_cache_array                      0x200000ec   Data           4  lv_gc.o(.data)
    _lv_task_act                             0x200000f0   Data           4  lv_gc.o(.data)
    _lv_theme_material_styles                0x200000f4   Data           4  lv_gc.o(.data)
    _lv_theme_template_styles                0x200000f8   Data           4  lv_gc.o(.data)
    _lv_theme_mono_styles                    0x200000fc   Data           4  lv_gc.o(.data)
    _lv_theme_empty_styles                   0x20000100   Data           4  lv_gc.o(.data)
    _lv_font_decompr_buf                     0x20000104   Data           4  lv_gc.o(.data)
    _lv_txt_encoded_size                     0x20000138   Data           4  lv_txt.o(.data)
    _lv_txt_unicode_to_encoded               0x2000013c   Data           4  lv_txt.o(.data)
    _lv_txt_encoded_conv_wc                  0x20000140   Data           4  lv_txt.o(.data)
    _lv_txt_encoded_next                     0x20000144   Data           4  lv_txt.o(.data)
    _lv_txt_encoded_prev                     0x20000148   Data           4  lv_txt.o(.data)
    _lv_txt_encoded_get_byte_id              0x2000014c   Data           4  lv_txt.o(.data)
    _lv_txt_encoded_get_char_id              0x20000150   Data           4  lv_txt.o(.data)
    _lv_txt_get_encoded_length               0x20000154   Data           4  lv_txt.o(.data)
    indev_touchpad                           0x200002c0   Data           4  lv_port_indev.o(.data)
    indev_mouse                              0x200002c4   Data           4  lv_port_indev.o(.data)
    indev_keypad                             0x200002c8   Data           4  lv_port_indev.o(.data)
    indev_encoder                            0x200002cc   Data           4  lv_port_indev.o(.data)
    indev_button                             0x200002d0   Data           4  lv_port_indev.o(.data)
    lcddev                                   0x2000031c   Data          14  lcd.o(.bss)
    USART_RX_BUF                             0x2000032a   Data         200  usart.o(.bss)
    _lv_task_ll                              0x20000774   Data          12  lv_gc.o(.bss)
    _lv_disp_ll                              0x20000780   Data          12  lv_gc.o(.bss)
    _lv_indev_ll                             0x2000078c   Data          12  lv_gc.o(.bss)
    _lv_drv_ll                               0x20000798   Data          12  lv_gc.o(.bss)
    _lv_file_ll                              0x200007a4   Data          12  lv_gc.o(.bss)
    _lv_anim_ll                              0x200007b0   Data          12  lv_gc.o(.bss)
    _lv_group_ll                             0x200007bc   Data          12  lv_gc.o(.bss)
    _lv_img_defoder_ll                       0x200007c8   Data          12  lv_gc.o(.bss)
    _lv_obj_style_trans_ll                   0x200007d4   Data          12  lv_gc.o(.bss)
    _lv_mem_buf                              0x200007e0   Data         128  lv_gc.o(.bss)
    _lv_draw_mask_list                       0x20000860   Data         128  lv_gc.o(.bss)
    __libspace_start                         0x2000a37c   Data          96  libspace.o(.bss)
    __temporary_stack_top$libspace           0x2000a3dc   Data           0  libspace.o(.bss)



==============================================================================

Memory Map of the image

  Image Entry point : 0x08000189

  Load Region LR_IROM1 (Base: 0x08000000, Size: 0x0004917c, Max: 0x00100000, ABSOLUTE, COMPRESSED[0x00048f68])

    Execution Region ER_IROM1 (Exec base: 0x08000000, Load base: 0x08000000, Size: 0x00048e60, Max: 0x00100000, ABSOLUTE)

    Exec Addr    Load Addr    Size         Type   Attr      Idx    E Section Name        Object

    0x08000000   0x08000000   0x00000188   Data   RO         1097    RESET               startup_stm32f40_41xxx.o
    0x08000188   0x08000188   0x00000008   Code   RO         7064  * !!!main             c_w.l(__main.o)
    0x08000190   0x08000190   0x00000034   Code   RO         7304    !!!scatter          c_w.l(__scatter.o)
    0x080001c4   0x080001c4   0x0000005a   Code   RO         7302    !!dczerorl2         c_w.l(__dczerorl2.o)
    0x0800021e   0x0800021e   0x00000002   PAD
    0x08000220   0x08000220   0x0000001c   Code   RO         7306    !!handler_zi        c_w.l(__scatter_zi.o)
    0x0800023c   0x0800023c   0x00000000   Code   RO         7045    .ARM.Collect$$_printf_percent$$00000000  c_w.l(_printf_percent.o)
    0x0800023c   0x0800023c   0x00000006   Code   RO         7044    .ARM.Collect$$_printf_percent$$00000009  c_w.l(_printf_d.o)
    0x08000242   0x08000242   0x00000006   Code   RO         7043    .ARM.Collect$$_printf_percent$$0000000C  c_w.l(_printf_x.o)
    0x08000248   0x08000248   0x00000006   Code   RO         7042    .ARM.Collect$$_printf_percent$$00000014  c_w.l(_printf_s.o)
    0x0800024e   0x0800024e   0x00000004   Code   RO         7117    .ARM.Collect$$_printf_percent$$00000017  c_w.l(_printf_percent_end.o)
    0x08000252   0x08000252   0x00000002   Code   RO         7179    .ARM.Collect$$libinit$$00000000  c_w.l(libinit.o)
    0x08000254   0x08000254   0x00000004   Code   RO         7188    .ARM.Collect$$libinit$$00000001  c_w.l(libinit2.o)
    0x08000258   0x08000258   0x00000000   Code   RO         7191    .ARM.Collect$$libinit$$00000004  c_w.l(libinit2.o)
    0x08000258   0x08000258   0x00000000   Code   RO         7194    .ARM.Collect$$libinit$$0000000A  c_w.l(libinit2.o)
    0x08000258   0x08000258   0x00000000   Code   RO         7196    .ARM.Collect$$libinit$$0000000C  c_w.l(libinit2.o)
    0x08000258   0x08000258   0x00000000   Code   RO         7198    .ARM.Collect$$libinit$$0000000E  c_w.l(libinit2.o)
    0x08000258   0x08000258   0x00000000   Code   RO         7201    .ARM.Collect$$libinit$$00000011  c_w.l(libinit2.o)
    0x08000258   0x08000258   0x00000000   Code   RO         7203    .ARM.Collect$$libinit$$00000013  c_w.l(libinit2.o)
    0x08000258   0x08000258   0x00000000   Code   RO         7205    .ARM.Collect$$libinit$$00000015  c_w.l(libinit2.o)
    0x08000258   0x08000258   0x00000000   Code   RO         7207    .ARM.Collect$$libinit$$00000017  c_w.l(libinit2.o)
    0x08000258   0x08000258   0x00000000   Code   RO         7209    .ARM.Collect$$libinit$$00000019  c_w.l(libinit2.o)
    0x08000258   0x08000258   0x00000000   Code   RO         7211    .ARM.Collect$$libinit$$0000001B  c_w.l(libinit2.o)
    0x08000258   0x08000258   0x00000000   Code   RO         7213    .ARM.Collect$$libinit$$0000001D  c_w.l(libinit2.o)
    0x08000258   0x08000258   0x00000000   Code   RO         7215    .ARM.Collect$$libinit$$0000001F  c_w.l(libinit2.o)
    0x08000258   0x08000258   0x00000000   Code   RO         7217    .ARM.Collect$$libinit$$00000021  c_w.l(libinit2.o)
    0x08000258   0x08000258   0x00000000   Code   RO         7219    .ARM.Collect$$libinit$$00000023  c_w.l(libinit2.o)
    0x08000258   0x08000258   0x00000000   Code   RO         7221    .ARM.Collect$$libinit$$00000025  c_w.l(libinit2.o)
    0x08000258   0x08000258   0x00000000   Code   RO         7225    .ARM.Collect$$libinit$$0000002C  c_w.l(libinit2.o)
    0x08000258   0x08000258   0x00000000   Code   RO         7227    .ARM.Collect$$libinit$$0000002E  c_w.l(libinit2.o)
    0x08000258   0x08000258   0x00000000   Code   RO         7229    .ARM.Collect$$libinit$$00000030  c_w.l(libinit2.o)
    0x08000258   0x08000258   0x00000000   Code   RO         7231    .ARM.Collect$$libinit$$00000032  c_w.l(libinit2.o)
    0x08000258   0x08000258   0x00000002   Code   RO         7232    .ARM.Collect$$libinit$$00000033  c_w.l(libinit2.o)
    0x0800025a   0x0800025a   0x00000002   Code   RO         7258    .ARM.Collect$$libshutdown$$00000000  c_w.l(libshutdown.o)
    0x0800025c   0x0800025c   0x00000000   Code   RO         7285    .ARM.Collect$$libshutdown$$00000002  c_w.l(libshutdown2.o)
    0x0800025c   0x0800025c   0x00000000   Code   RO         7287    .ARM.Collect$$libshutdown$$00000004  c_w.l(libshutdown2.o)
    0x0800025c   0x0800025c   0x00000000   Code   RO         7290    .ARM.Collect$$libshutdown$$00000007  c_w.l(libshutdown2.o)
    0x0800025c   0x0800025c   0x00000000   Code   RO         7293    .ARM.Collect$$libshutdown$$0000000A  c_w.l(libshutdown2.o)
    0x0800025c   0x0800025c   0x00000000   Code   RO         7295    .ARM.Collect$$libshutdown$$0000000C  c_w.l(libshutdown2.o)
    0x0800025c   0x0800025c   0x00000000   Code   RO         7298    .ARM.Collect$$libshutdown$$0000000F  c_w.l(libshutdown2.o)
    0x0800025c   0x0800025c   0x00000002   Code   RO         7299    .ARM.Collect$$libshutdown$$00000010  c_w.l(libshutdown2.o)
    0x0800025e   0x0800025e   0x00000000   Code   RO         7104    .ARM.Collect$$rtentry$$00000000  c_w.l(__rtentry.o)
    0x0800025e   0x0800025e   0x00000000   Code   RO         7132    .ARM.Collect$$rtentry$$00000002  c_w.l(__rtentry2.o)
    0x0800025e   0x0800025e   0x00000006   Code   RO         7144    .ARM.Collect$$rtentry$$00000004  c_w.l(__rtentry4.o)
    0x08000264   0x08000264   0x00000000   Code   RO         7134    .ARM.Collect$$rtentry$$00000009  c_w.l(__rtentry2.o)
    0x08000264   0x08000264   0x00000004   Code   RO         7135    .ARM.Collect$$rtentry$$0000000A  c_w.l(__rtentry2.o)
    0x08000268   0x08000268   0x00000000   Code   RO         7137    .ARM.Collect$$rtentry$$0000000C  c_w.l(__rtentry2.o)
    0x08000268   0x08000268   0x00000008   Code   RO         7138    .ARM.Collect$$rtentry$$0000000D  c_w.l(__rtentry2.o)
    0x08000270   0x08000270   0x00000002   Code   RO         7180    .ARM.Collect$$rtexit$$00000000  c_w.l(rtexit.o)
    0x08000272   0x08000272   0x00000000   Code   RO         7234    .ARM.Collect$$rtexit$$00000002  c_w.l(rtexit2.o)
    0x08000272   0x08000272   0x00000004   Code   RO         7235    .ARM.Collect$$rtexit$$00000003  c_w.l(rtexit2.o)
    0x08000276   0x08000276   0x00000006   Code   RO         7236    .ARM.Collect$$rtexit$$00000004  c_w.l(rtexit2.o)
    0x0800027c   0x0800027c   0x00000418   Code   RO            3    .text               main.o
    0x08000694   0x08000694   0x0000001a   Code   RO          460    .text               stm32f4xx_it.o
    0x080006ae   0x080006ae   0x00000002   PAD
    0x080006b0   0x080006b0   0x00000210   Code   RO          509    .text               system_stm32f4xx.o
    0x080008c0   0x080008c0   0x00000040   Code   RO          535    .text               led.o
    0x08000900   0x08000900   0x00004c80   Code   RO          555    .text               lcd.o
    0x08005580   0x08005580   0x00000104   Code   RO          593    .text               key.o
    0x08005684   0x08005684   0x0000025c   Code   RO          614    .text               myiic.o
    0x080058e0   0x080058e0   0x0000017a   Code   RO          637    .text               24cxx.o
    0x08005a5a   0x08005a5a   0x00000002   PAD
    0x08005a5c   0x08005a5c   0x00000254   Code   RO          660    .text               ctiic.o
    0x08005cb0   0x08005cb0   0x00000448   Code   RO          683    .text               gt9147.o
    0x080060f8   0x080060f8   0x00000388   Code   RO          711    .text               ott2001a.o
    0x08006480   0x08006480   0x0000032c   Code   RO          735    .text               ft5206.o
    0x080067ac   0x080067ac   0x000010e0   Code   RO          759    .text               touch.o
    0x0800788c   0x0800788c   0x00000078   Code   RO          791    .text               timer.o
    0x08007904   0x08007904   0x00000104   Code   RO         1026    .text               delay.o
    0x08007a08   0x08007a08   0x00000148   Code   RO         1066    .text               usart.o
    0x08007b50   0x08007b50   0x00000040   Code   RO         1098    .text               startup_stm32f40_41xxx.o
    0x08007b90   0x08007b90   0x000000e0   Code   RO         1104    .text               misc.o
    0x08007c70   0x08007c70   0x00000294   Code   RO         1124    .text               stm32f4xx_gpio.o
    0x08007f04   0x08007f04   0x000005c8   Code   RO         1144    .text               stm32f4xx_fsmc.o
    0x080084cc   0x080084cc   0x0000065c   Code   RO         1167    .text               stm32f4xx_rcc.o
    0x08008b28   0x08008b28   0x00000454   Code   RO         1209    .text               stm32f4xx_usart.o
    0x08008f7c   0x08008f7c   0x00000ca2   Code   RO         1229    .text               stm32f4xx_tim.o
    0x08009c1e   0x08009c1e   0x00000002   PAD
    0x08009c20   0x08009c20   0x00000598   Code   RO         1247    .text               lv_disp.o
    0x0800a1b8   0x0800a1b8   0x000005bc   Code   RO         1378    .text               lv_group.o
    0x0800a774   0x0800a774   0x00001ab4   Code   RO         1494    .text               lv_indev.o
    0x0800c228   0x0800c228   0x00005302   Code   RO         1532    .text               lv_obj.o
    0x0801152a   0x0801152a   0x00000002   PAD
    0x0801152c   0x0801152c   0x00000aac   Code   RO         1629    .text               lv_refr.o
    0x08011fd8   0x08011fd8   0x00000dc8   Code   RO         1684    .text               lv_style.o
    0x08012da0   0x08012da0   0x00000b24   Code   RO         1721    .text               lv_draw_arc.o
    0x080138c4   0x080138c4   0x00001174   Code   RO         1793    .text               lv_draw_blend.o
    0x08014a38   0x08014a38   0x00000bb4   Code   RO         1908    .text               lv_draw_img.o
    0x080155ec   0x080155ec   0x00000f6c   Code   RO         1988    .text               lv_draw_label.o
    0x08016558   0x08016558   0x00000b92   Code   RO         2072    .text               lv_draw_line.o
    0x080170ea   0x080170ea   0x00000002   PAD
    0x080170ec   0x080170ec   0x00001614   Code   RO         2153    .text               lv_draw_mask.o
    0x08018700   0x08018700   0x0000260c   Code   RO         2213    .text               lv_draw_rect.o
    0x0801ad0c   0x0801ad0c   0x00000fa8   Code   RO         2301    .text               lv_img_buf.o
    0x0801bcb4   0x0801bcb4   0x0000027c   Code   RO         2331    .text               lv_img_cache.o
    0x0801bf30   0x0801bf30   0x00000890   Code   RO         2370    .text               lv_img_decoder.o
    0x0801c7c0   0x0801c7c0   0x00000050   Code   RO         2407    .text               lv_font.o
    0x0801c810   0x0801c810   0x000007ec   Code   RO         2717    .text               lv_font_fmt_txt.o
    0x0801cffc   0x0801cffc   0x000003d4   Code   RO         3115    .text               lv_hal_disp.o
    0x0801d3d0   0x0801d3d0   0x00000130   Code   RO         3262    .text               lv_hal_indev.o
    0x0801d500   0x0801d500   0x0000004c   Code   RO         3375    .text               lv_hal_tick.o
    0x0801d54c   0x0801d54c   0x00000628   Code   RO         3398    .text               lv_anim.o
    0x0801db74   0x0801db74   0x000007b8   Code   RO         3489    .text               lv_area.o
    0x0801e32c   0x0801e32c   0x0000005c   Code   RO         3508    .text               lv_async.o
    0x0801e388   0x0801e388   0x000003e4   Code   RO         3553    .text               lv_color.o
    0x0801e76c   0x0801e76c   0x000000e8   Code   RO         3569    .text               lv_debug.o
    0x0801e854   0x0801e854   0x000000dc   Code   RO         3594    .text               lv_gc.o
    0x0801e930   0x0801e930   0x00000344   Code   RO         3629    .text               lv_ll.o
    0x0801ec74   0x0801ec74   0x00000214   Code   RO         3647    .text               lv_math.o
    0x0801ee88   0x0801ee88   0x00000968   Code   RO         3664    .text               lv_mem.o
    0x0801f7f0   0x0801f7f0   0x00000930   Code   RO         3680    .text               lv_printf.o
    0x08020120   0x08020120   0x00000414   Code   RO         3692    .text               lv_task.o
    0x08020534   0x08020534   0x00000868   Code   RO         3715    .text               lv_txt.o
    0x08020d9c   0x08020d9c   0x000000d4   Code   RO         3804    .text               lv_utils.o
    0x08020e70   0x08020e70   0x00000450   Code   RO         3819    .text               lv_theme.o
    0x080212c0   0x080212c0   0x000055ee   Code   RO         4115    .text               lv_theme_material.o
    0x080268ae   0x080268ae   0x00000002   PAD
    0x080268b0   0x080268b0   0x0000186c   Code   RO         4430    .text               lv_arc.o
    0x0802811c   0x0802811c   0x00000cce   Code   RO         4578    .text               lv_bar.o
    0x08028dea   0x08028dea   0x00000002   PAD
    0x08028dec   0x08028dec   0x000003ec   Code   RO         4665    .text               lv_btn.o
    0x080291d8   0x080291d8   0x000017d4   Code   RO         4706    .text               lv_btnmatrix.o
    0x0802a9ac   0x0802a9ac   0x00001362   Code   RO         4733    .text               lv_calendar.o
    0x0802bd0e   0x0802bd0e   0x00000002   PAD
    0x0802bd10   0x0802bd10   0x00002374   Code   RO         4854    .text               lv_chart.o
    0x0802e084   0x0802e084   0x00000456   Code   RO         4901    .text               lv_checkbox.o
    0x0802e4da   0x0802e4da   0x00000002   PAD
    0x0802e4dc   0x0802e4dc   0x0000100a   Code   RO         4936    .text               lv_cont.o
    0x0802f4e6   0x0802f4e6   0x00000002   PAD
    0x0802f4e8   0x0802f4e8   0x00001934   Code   RO         5029    .text               lv_dropdown.o
    0x08030e1c   0x08030e1c   0x00000cc2   Code   RO         5165    .text               lv_gauge.o
    0x08031ade   0x08031ade   0x00000002   PAD
    0x08031ae0   0x08031ae0   0x00001340   Code   RO         5221    .text               lv_img.o
    0x08032e20   0x08032e20   0x0000069c   Code   RO         5383    .text               lv_keyboard.o
    0x080334bc   0x080334bc   0x00001ab4   Code   RO         5414    .text               lv_label.o
    0x08034f70   0x08034f70   0x000003cc   Code   RO         5465    .text               lv_led.o
    0x0803533c   0x0803533c   0x00000990   Code   RO         5554    .text               lv_linemeter.o
    0x08035ccc   0x08035ccc   0x00000fc4   Code   RO         5611    .text               lv_list.o
    0x08036c90   0x08036c90   0x00000a56   Code   RO         5662    .text               lv_msgbox.o
    0x080376e6   0x080376e6   0x00000002   PAD
    0x080376e8   0x080376e8   0x00001db0   Code   RO         5757    .text               lv_page.o
    0x08039498   0x08039498   0x000013d8   Code   RO         5841    .text               lv_roller.o
    0x0803a870   0x0803a870   0x00000c14   Code   RO         5867    .text               lv_slider.o
    0x0803b484   0x0803b484   0x00000620   Code   RO         5970    .text               lv_switch.o
    0x0803baa4   0x0803baa4   0x000018e0   Code   RO         6008    .text               lv_table.o
    0x0803d384   0x0803d384   0x00001338   Code   RO         6058    .text               lv_tabview.o
    0x0803e6bc   0x0803e6bc   0x00002158   Code   RO         6118    .text               lv_textarea.o
    0x08040814   0x08040814   0x000001bc   Code   RO         6244    .text               lv_port_disp.o
    0x080409d0   0x080409d0   0x000001a0   Code   RO         6533    .text               lv_port_indev.o
    0x08040b70   0x08040b70   0x0000199a   Code   RO         6675    .text               lv_demo_widgets.o
    0x0804250a   0x0804250a   0x00000002   Code   RO         6987    .text               c_w.l(use_no_semi_2.o)
    0x0804250c   0x0804250c   0x000000ee   Code   RO         6989    .text               c_w.l(lludivv7m.o)
    0x080425fa   0x080425fa   0x00000002   PAD
    0x080425fc   0x080425fc   0x00000018   Code   RO         6993    .text               c_w.l(noretval__2printf.o)
    0x08042614   0x08042614   0x00000068   Code   RO         6995    .text               c_w.l(__printf.o)
    0x0804267c   0x0804267c   0x00000052   Code   RO         6997    .text               c_w.l(_printf_str.o)
    0x080426ce   0x080426ce   0x00000002   PAD
    0x080426d0   0x080426d0   0x00000078   Code   RO         6999    .text               c_w.l(_printf_dec.o)
    0x08042748   0x08042748   0x00000058   Code   RO         7004    .text               c_w.l(_printf_hex_int.o)
    0x080427a0   0x080427a0   0x00000058   Code   RO         7046    .text               c_w.l(memcmp.o)
    0x080427f8   0x080427f8   0x00000048   Code   RO         7048    .text               c_w.l(strcpy.o)
    0x08042840   0x08042840   0x0000003e   Code   RO         7050    .text               c_w.l(strlen.o)
    0x0804287e   0x0804287e   0x00000018   Code   RO         7052    .text               c_w.l(strcat.o)
    0x08042896   0x08042896   0x0000008a   Code   RO         7054    .text               c_w.l(rt_memcpy_v6.o)
    0x08042920   0x08042920   0x00000064   Code   RO         7056    .text               c_w.l(rt_memcpy_w.o)
    0x08042984   0x08042984   0x00000056   Code   RO         7058    .text               c_w.l(strncpy.o)
    0x080429da   0x080429da   0x00000002   PAD
    0x080429dc   0x080429dc   0x00000080   Code   RO         7060    .text               c_w.l(strcmpv7m.o)
    0x08042a5c   0x08042a5c   0x00000006   Code   RO         7062    .text               c_w.l(heapauxi.o)
    0x08042a62   0x08042a62   0x00000002   Code   RO         7102    .text               c_w.l(use_no_semi.o)
    0x08042a64   0x08042a64   0x00000016   Code   RO         7109    .text               c_w.l(_rserrno.o)
    0x08042a7a   0x08042a7a   0x000000b2   Code   RO         7111    .text               c_w.l(_printf_intcommon.o)
    0x08042b2c   0x08042b2c   0x0000002c   Code   RO         7113    .text               c_w.l(_printf_char.o)
    0x08042b58   0x08042b58   0x00000024   Code   RO         7115    .text               c_w.l(_printf_char_file.o)
    0x08042b7c   0x08042b7c   0x00000044   Code   RO         7118    .text               c_w.l(rt_memclr.o)
    0x08042bc0   0x08042bc0   0x00000008   Code   RO         7151    .text               c_w.l(rt_errno_addr_intlibspace.o)
    0x08042bc8   0x08042bc8   0x00000030   Code   RO         7153    .text               c_w.l(_printf_char_common.o)
    0x08042bf8   0x08042bf8   0x00000008   Code   RO         7155    .text               c_w.l(ferror.o)
    0x08042c00   0x08042c00   0x0000004e   Code   RO         7159    .text               c_w.l(rt_memclr_w.o)
    0x08042c4e   0x08042c4e   0x00000002   PAD
    0x08042c50   0x08042c50   0x00000008   Code   RO         7161    .text               c_w.l(libspace.o)
    0x08042c58   0x08042c58   0x0000004a   Code   RO         7164    .text               c_w.l(sys_stackheap_outer.o)
    0x08042ca2   0x08042ca2   0x00000012   Code   RO         7168    .text               c_w.l(exit.o)
    0x08042cb4   0x08042cb4   0x0000007a   Code   RO         7090    i.__hardfp_sqrt     m_wm.l(sqrt.o)
    0x08042d2e   0x08042d2e   0x00000002   PAD
    0x08042d30   0x08042d30   0x00000150   Code   RO         7066    x$fpl$dadd          fz_wm.l(daddsub_clz.o)
    0x08042e80   0x08042e80   0x00000018   Code   RO         7120    x$fpl$dcmpinf       fz_wm.l(dcmpi.o)
    0x08042e98   0x08042e98   0x0000005a   Code   RO         7072    x$fpl$dfixu         fz_wm.l(dfixu.o)
    0x08042ef2   0x08042ef2   0x0000002e   Code   RO         7077    x$fpl$dflt          fz_wm.l(dflt_clz.o)
    0x08042f20   0x08042f20   0x00000026   Code   RO         7076    x$fpl$dfltu         fz_wm.l(dflt_clz.o)
    0x08042f46   0x08042f46   0x00000002   PAD
    0x08042f48   0x08042f48   0x00000078   Code   RO         7082    x$fpl$dleqf         fz_wm.l(dleqf.o)
    0x08042fc0   0x08042fc0   0x00000154   Code   RO         7084    x$fpl$dmul          fz_wm.l(dmul.o)
    0x08043114   0x08043114   0x0000009c   Code   RO         7122    x$fpl$dnaninf       fz_wm.l(dnaninf.o)
    0x080431b0   0x080431b0   0x0000000c   Code   RO         7124    x$fpl$dretinf       fz_wm.l(dretinf.o)
    0x080431bc   0x080431bc   0x0000006c   Code   RO         7086    x$fpl$drleqf        fz_wm.l(drleqf.o)
    0x08043228   0x08043228   0x00000016   Code   RO         7067    x$fpl$drsb          fz_wm.l(daddsub_clz.o)
    0x0804323e   0x0804323e   0x00000002   PAD
    0x08043240   0x08043240   0x00000198   Code   RO         7126    x$fpl$dsqrt         fz_wm.l(dsqrt_umaal.o)
    0x080433d8   0x080433d8   0x000001d4   Code   RO         7068    x$fpl$dsub          fz_wm.l(daddsub_clz.o)
    0x080435ac   0x080435ac   0x00000056   Code   RO         7088    x$fpl$f2d           fz_wm.l(f2d.o)
    0x08043602   0x08043602   0x0000008c   Code   RO         7128    x$fpl$fnaninf       fz_wm.l(fnaninf.o)
    0x0804368e   0x0804368e   0x0000000a   Code   RO         7246    x$fpl$fpinit        fz_wm.l(fpinit.o)
    0x08043698   0x08043698   0x00000000   Code   RO         7130    x$fpl$usenofp       fz_wm.l(usenofp.o)
    0x08043698   0x08043698   0x0000000a   Data   RO            4    .constdata          main.o
    0x080436a2   0x080436a2   0x000017c0   Data   RO          557    .constdata          lcd.o
    0x08044e62   0x08044e62   0x000000c2   Data   RO          684    .constdata          gt9147.o
    0x08044f24   0x08044f24   0x0000000a   Data   RO          712    .constdata          ott2001a.o
    0x08044f2e   0x08044f2e   0x0000000a   Data   RO          736    .constdata          ft5206.o
    0x08044f38   0x08044f38   0x00000004   Data   RO          760    .constdata          touch.o
    0x08044f3c   0x08044f3c   0x0000001c   Data   RO         1145    .constdata          stm32f4xx_fsmc.o
    0x08044f58   0x08044f58   0x00000002   Data   RO         1533    .constdata          lv_obj.o
    0x08044f5a   0x08044f5a   0x00000002   PAD
    0x08044f5c   0x08044f5c   0x0000000a   Data   RO         1909    .constdata          lv_draw_img.o
    0x08044f66   0x08044f66   0x00000002   PAD
    0x08044f68   0x08044f68   0x00000122   Data   RO         1990    .constdata          lv_draw_label.o
    0x0804508a   0x0804508a   0x00000021   Data   RO         2073    .constdata          lv_draw_line.o
    0x080450ab   0x080450ab   0x00000001   PAD
    0x080450ac   0x080450ac   0x00000002   Data   RO         2214    .constdata          lv_draw_rect.o
    0x080450ae   0x080450ae   0x00000002   PAD
    0x080450b0   0x080450b0   0x00003408   Data   RO         2814    .constdata          lv_font_montserrat_14.o
    0x080484b8   0x080484b8   0x00000006   Data   RO         3116    .constdata          lv_hal_disp.o
    0x080484be   0x080484be   0x00000002   PAD
    0x080484c0   0x080484c0   0x00000008   Data   RO         3399    .constdata          lv_anim.o
    0x080484c8   0x080484c8   0x00000002   Data   RO         3554    .constdata          lv_color.o
    0x080484ca   0x080484ca   0x00000011   Data   RO         3570    .constdata          lv_debug.o
    0x080484db   0x080484db   0x00000001   PAD
    0x080484dc   0x080484dc   0x000000b6   Data   RO         3648    .constdata          lv_math.o
    0x08048592   0x08048592   0x00000002   PAD
    0x08048594   0x08048594   0x00000046   Data   RO         4117    .constdata          lv_theme_material.o
    0x080485da   0x080485da   0x00000002   PAD
    0x080485dc   0x080485dc   0x00000376   Data   RO         5384    .constdata          lv_keyboard.o
    0x08048952   0x08048952   0x00000002   PAD
    0x08048954   0x08048954   0x0000005e   Data   RO         6677    .constdata          lv_demo_widgets.o
    0x080489b2   0x080489b2   0x00000028   Data   RO         7005    .constdata          c_w.l(_printf_hex_int.o)
    0x080489da   0x080489da   0x00000002   PAD
    0x080489dc   0x080489dc   0x00000079   Data   RO          761    .conststring        touch.o
    0x08048a55   0x08048a55   0x00000003   PAD
    0x08048a58   0x08048a58   0x00000051   Data   RO         3666    .conststring        lv_mem.o
    0x08048aa9   0x08048aa9   0x00000003   PAD
    0x08048aac   0x08048aac   0x0000002d   Data   RO         4707    .conststring        lv_btnmatrix.o
    0x08048ad9   0x08048ad9   0x00000003   PAD
    0x08048adc   0x08048adc   0x00000085   Data   RO         4734    .conststring        lv_calendar.o
    0x08048b61   0x08048b61   0x00000003   PAD
    0x08048b64   0x08048b64   0x00000184   Data   RO         5385    .conststring        lv_keyboard.o
    0x08048ce8   0x08048ce8   0x00000158   Data   RO         6678    .conststring        lv_demo_widgets.o
    0x08048e40   0x08048e40   0x00000020   Data   RO         7300    Region$$Table       anon$$obj.o


    Execution Region RW_IRAM1 (Exec base: 0x20000000, Load base: 0x08048e60, Size: 0x0000e3e0, Max: 0x00020000, ABSOLUTE, COMPRESSED[0x00000108])

    Exec Addr    Load Addr    Size         Type   Attr      Idx    E Section Name        Object

    0x20000000   COMPRESSED   0x00000014   Data   RW          510    .data               system_stm32f4xx.o
    0x20000014   COMPRESSED   0x00000004   Data   RW          558    .data               lcd.o
    0x20000018   COMPRESSED   0x00000001   Data   RW          594    .data               key.o
    0x20000019   COMPRESSED   0x00000001   Data   RW          685    .data               gt9147.o
    0x2000001a   COMPRESSED   0x00000001   Data   RW          713    .data               ott2001a.o
    0x2000001b   COMPRESSED   0x00000001   Data   RW          737    .data               ft5206.o
    0x2000001c   COMPRESSED   0x00000036   Data   RW          762    .data               touch.o
    0x20000052   COMPRESSED   0x00000004   Data   RW         1027    .data               delay.o
    0x20000056   COMPRESSED   0x00000002   PAD
    0x20000058   COMPRESSED   0x00000006   Data   RW         1068    .data               usart.o
    0x2000005e   COMPRESSED   0x00000010   Data   RW         1168    .data               stm32f4xx_rcc.o
    0x2000006e   COMPRESSED   0x00000002   PAD
    0x20000070   COMPRESSED   0x00000008   Data   RW         1495    .data               lv_indev.o
    0x20000078   COMPRESSED   0x0000000c   Data   RW         1534    .data               lv_obj.o
    0x20000084   COMPRESSED   0x00000008   Data   RW         1630    .data               lv_refr.o
    0x2000008c   COMPRESSED   0x00000008   Data   RW         1991    .data               lv_draw_label.o
    0x20000094   COMPRESSED   0x00000002   Data   RW         2332    .data               lv_img_cache.o
    0x20000096   COMPRESSED   0x00000002   PAD
    0x20000098   COMPRESSED   0x0000000c   Data   RW         2718    .data               lv_font_fmt_txt.o
    0x200000a4   COMPRESSED   0x00000030   Data   RW         2815    .data               lv_font_montserrat_14.o
    0x200000d4   COMPRESSED   0x00000004   Data   RW         3117    .data               lv_hal_disp.o
    0x200000d8   COMPRESSED   0x00000005   Data   RW         3376    .data               lv_hal_tick.o
    0x200000dd   COMPRESSED   0x00000003   PAD
    0x200000e0   COMPRESSED   0x0000000c   Data   RW         3400    .data               lv_anim.o
    0x200000ec   COMPRESSED   0x0000001c   Data   RW         3596    .data               lv_gc.o
    0x20000108   COMPRESSED   0x0000001e   Data   RW         3667    .data               lv_mem.o
    0x20000126   COMPRESSED   0x00000002   PAD
    0x20000128   COMPRESSED   0x00000010   Data   RW         3693    .data               lv_task.o
    0x20000138   COMPRESSED   0x00000020   Data   RW         3716    .data               lv_txt.o
    0x20000158   COMPRESSED   0x00000004   Data   RW         3820    .data               lv_theme.o
    0x2000015c   COMPRESSED   0x00000004   Data   RW         4118    .data               lv_theme_material.o
    0x20000160   COMPRESSED   0x00000008   Data   RW         4431    .data               lv_arc.o
    0x20000168   COMPRESSED   0x00000008   Data   RW         4579    .data               lv_bar.o
    0x20000170   COMPRESSED   0x00000008   Data   RW         4666    .data               lv_btn.o
    0x20000178   COMPRESSED   0x00000024   Data   RW         4708    .data               lv_btnmatrix.o
    0x2000019c   COMPRESSED   0x00000054   Data   RW         4735    .data               lv_calendar.o
    0x200001f0   COMPRESSED   0x00000008   Data   RW         4855    .data               lv_chart.o
    0x200001f8   COMPRESSED   0x00000004   Data   RW         4902    .data               lv_checkbox.o
    0x200001fc   COMPRESSED   0x0000000c   Data   RW         4937    .data               lv_cont.o
    0x20000208   COMPRESSED   0x00000014   Data   RW         5030    .data               lv_dropdown.o
    0x2000021c   COMPRESSED   0x00000008   Data   RW         5166    .data               lv_gauge.o
    0x20000224   COMPRESSED   0x00000004   Data   RW         5222    .data               lv_img.o
    0x20000228   COMPRESSED   0x00000024   Data   RW         5386    .data               lv_keyboard.o
    0x2000024c   COMPRESSED   0x00000004   Data   RW         5415    .data               lv_label.o
    0x20000250   COMPRESSED   0x00000008   Data   RW         5466    .data               lv_led.o
    0x20000258   COMPRESSED   0x00000004   Data   RW         5555    .data               lv_linemeter.o
    0x2000025c   COMPRESSED   0x00000010   Data   RW         5612    .data               lv_list.o
    0x2000026c   COMPRESSED   0x00000004   Data   RW         5663    .data               lv_msgbox.o
    0x20000270   COMPRESSED   0x00000008   Data   RW         5758    .data               lv_page.o
    0x20000278   COMPRESSED   0x0000000c   Data   RW         5842    .data               lv_roller.o
    0x20000284   COMPRESSED   0x00000008   Data   RW         5868    .data               lv_slider.o
    0x2000028c   COMPRESSED   0x00000008   Data   RW         5971    .data               lv_switch.o
    0x20000294   COMPRESSED   0x00000008   Data   RW         6009    .data               lv_table.o
    0x2000029c   COMPRESSED   0x00000010   Data   RW         6060    .data               lv_tabview.o
    0x200002ac   COMPRESSED   0x00000014   Data   RW         6119    .data               lv_textarea.o
    0x200002c0   COMPRESSED   0x00000025   Data   RW         6534    .data               lv_port_indev.o
    0x200002e5   COMPRESSED   0x00000003   PAD
    0x200002e8   COMPRESSED   0x00000034   Data   RW         6679    .data               lv_demo_widgets.o
    0x2000031c        -       0x0000000e   Zero   RW          556    .bss                lcd.o
    0x2000032a        -       0x000000c8   Zero   RW         1067    .bss                usart.o
    0x200003f2        -       0x00000280   Zero   RW         1794    .bss                lv_draw_blend.o
    0x20000672        -       0x00000100   Zero   RW         1989    .bss                lv_draw_label.o
    0x20000772   COMPRESSED   0x00000002   PAD
    0x20000774        -       0x0000016c   Zero   RW         3595    .bss                lv_gc.o
    0x200008e0        -       0x00008020   Zero   RW         3665    .bss                lv_mem.o
    0x20008900        -       0x00000028   Zero   RW         4116    .bss                lv_theme_material.o
    0x20008928        -       0x00001924   Zero   RW         6245    .bss                lv_port_disp.o
    0x2000a24c        -       0x00000130   Zero   RW         6676    .bss                lv_demo_widgets.o
    0x2000a37c        -       0x00000060   Zero   RW         7162    .bss                c_w.l(libspace.o)
    0x2000a3dc   COMPRESSED   0x00000004   PAD
    0x2000a3e0        -       0x00002000   Zero   RW         1096    HEAP                startup_stm32f40_41xxx.o
    0x2000c3e0        -       0x00002000   Zero   RW         1095    STACK               startup_stm32f40_41xxx.o


==============================================================================

Image component sizes


      Code (inc. data)   RO Data    RW Data    ZI Data      Debug   Object Name

       378          0          0          0          0       2838   24cxx.o
       596         24          0          0          0       2097   ctiic.o
       260          8          0          4          0       1501   delay.o
       812         40         10          1          0       2575   ft5206.o
      1096         78        194          1          0       3130   gt9147.o
       260         12          0          1          0        888   key.o
     19584        174       6080          4         14      22938   lcd.o
        64          4          0          0          0        535   led.o
      1576         40          8         12          0      31247   lv_anim.o
      6252         56          0          8          0      85900   lv_arc.o
      1976         22          0          0          0       6928   lv_area.o
        92          6          0          0          0       2638   lv_async.o
      3278         72          0          8          0      64371   lv_bar.o
         0          0          0          0          0       1384   lv_bidi.o
      1004         64          0          8          0      15846   lv_btn.o
      6100        104         45         36          0      44588   lv_btnmatrix.o
      4962         92        133         84          0      46307   lv_calendar.o
         0          0          0          0          0        878   lv_canvas.o
      9076         74          0          8          0      68317   lv_chart.o
      1110         64          0          4          0      33430   lv_checkbox.o
       996         12          2          0          0       9801   lv_color.o
      4106         56          0         12          0      46086   lv_cont.o
       232          6         17          0          0       2565   lv_debug.o
      6554        570        438         52        304      87877   lv_demo_widgets.o
      1432         30          0          0          0      67706   lv_disp.o
      2852          0          0          0          0      31510   lv_draw_arc.o
      4468         24          0          0        640      44414   lv_draw_blend.o
      2996         50         10          0          0      47698   lv_draw_img.o
      3948         54        290          8        256      35705   lv_draw_label.o
      2962          4         33          0          0      33589   lv_draw_line.o
      5652         74          0          0          0      19458   lv_draw_mask.o
      9740          8          2          0          0      45063   lv_draw_rect.o
      6452        162          0         20          0      84835   lv_dropdown.o
        80          0          0          0          0       9109   lv_font.o
         0          0          0          0          0       7428   lv_font_dejavu_16_persian_hebrew.o
      2028         78          0         12          0       9805   lv_font_fmt_txt.o
         0          0      13320         48          0       2240   lv_font_montserrat_14.o
      3266         60          0          8          0      52674   lv_gauge.o
       220         72          0         28        364       6452   lv_gc.o
      1468         36          0          0          0      39404   lv_group.o
       980         32          6          4          0      35905   lv_hal_disp.o
       304         24          0          0          0      26435   lv_hal_indev.o
        76         10          0          5          0       1628   lv_hal_tick.o
      4928         52          0          4          0      38515   lv_img.o
      4008         32          0          0          0      20387   lv_img_buf.o
       636         28          0          2          0       7287   lv_img_cache.o
      2192         44          0          0          0      19593   lv_img_decoder.o
      6836         54          0          8          0      23106   lv_indev.o
      1692        120       1274         36          0       7887   lv_keyboard.o
      6836        158          0          4          0      61866   lv_label.o
       972         56          0          8          0      20043   lv_led.o
      2448         60          0          4          0      53945   lv_linemeter.o
      4036        112          0         16          0      57120   lv_list.o
       836          0          0          0          0       5883   lv_ll.o
       532          6        182          0          0       3387   lv_math.o
      2408         94         81         30      32800       8191   lv_mem.o
      2646         86          0          4          0      51414   lv_msgbox.o
     21250        236          2         12          0     134885   lv_obj.o
      7600        110          0          8          0      71491   lv_page.o
       444         22          0          0       6436      32900   lv_port_disp.o
       416         44          0         37          0      19338   lv_port_indev.o
      2352         10          0          0          0       8043   lv_printf.o
      2732         24          0          8          0      45372   lv_refr.o
      5080        150          0         12          0      45675   lv_roller.o
      3092         70          0          8          0      36460   lv_slider.o
      3528         18          0          0          0      23037   lv_style.o
      1568         68          0          8          0      34087   lv_switch.o
      6368         72          0          8          0      56546   lv_table.o
      4920        150          0         16          0      53968   lv_tabview.o
      1044         58          0         16          0       5622   lv_task.o
      8536        246          0         20          0      68157   lv_textarea.o
      1104         52          0          4          0      41843   lv_theme.o
     21998        492         70          4         40      66889   lv_theme_material.o
      2152         52          0         32          0      13141   lv_txt.o
       212          0          0          0          0       1601   lv_utils.o
      1048         32         10          0          0     295533   main.o
       224         20          0          0          0       1837   misc.o
       604         14          0          0          0       1932   myiic.o
       904         66         10          1          0       2783   ott2001a.o
        64         26        392          0      16384        848   startup_stm32f40_41xxx.o
      1480         18         28          0          0       5678   stm32f4xx_fsmc.o
       660         44          0          0          0       4177   stm32f4xx_gpio.o
        26          0          0          0          0       1234   stm32f4xx_it.o
      1628         52          0         16          0      13064   stm32f4xx_rcc.o
      3234         60          0          0          0      23036   stm32f4xx_tim.o
      1108         34          0          0          0       7904   stm32f4xx_usart.o
       528         46          0         20          0       1807   system_stm32f4xx.o
       120          4          0          0          0       1368   timer.o
      4320        228        125         54          0       6905   touch.o
       328         16          0          6        200       3334   usart.o

    ----------------------------------------------------------------------
    270990       5732      22822        796      57440    2694842   Object Totals
         0          0         32          0          0          0   (incl. Generated)
        24          0         28         14          2          0   (incl. Padding)

    ----------------------------------------------------------------------

      Code (inc. data)   RO Data    RW Data    ZI Data      Debug   Library Member Name

        90          0          0          0          0          0   __dczerorl2.o
         8          0          0          0          0         68   __main.o
       104          0          0          0          0         84   __printf.o
         0          0          0          0          0          0   __rtentry.o
        12          0          0          0          0          0   __rtentry2.o
         6          0          0          0          0          0   __rtentry4.o
        52          8          0          0          0          0   __scatter.o
        28          0          0          0          0          0   __scatter_zi.o
        44          0          0          0          0        108   _printf_char.o
        48          6          0          0          0         96   _printf_char_common.o
        36          4          0          0          0         80   _printf_char_file.o
         6          0          0          0          0          0   _printf_d.o
       120         16          0          0          0         92   _printf_dec.o
        88          4         40          0          0         88   _printf_hex_int.o
       178          0          0          0          0         88   _printf_intcommon.o
         0          0          0          0          0          0   _printf_percent.o
         4          0          0          0          0          0   _printf_percent_end.o
         6          0          0          0          0          0   _printf_s.o
        82          0          0          0          0         80   _printf_str.o
         6          0          0          0          0          0   _printf_x.o
        22          0          0          0          0        100   _rserrno.o
        18          0          0          0          0         80   exit.o
         8          0          0          0          0         68   ferror.o
         6          0          0          0          0        152   heapauxi.o
         2          0          0          0          0          0   libinit.o
         6          0          0          0          0          0   libinit2.o
         2          0          0          0          0          0   libshutdown.o
         2          0          0          0          0          0   libshutdown2.o
         8          4          0          0         96         68   libspace.o
       238          0          0          0          0        100   lludivv7m.o
        88          0          0          0          0         76   memcmp.o
        24          4          0          0          0         84   noretval__2printf.o
         8          4          0          0          0         68   rt_errno_addr_intlibspace.o
        68          0          0          0          0         68   rt_memclr.o
        78          0          0          0          0         80   rt_memclr_w.o
       138          0          0          0          0         68   rt_memcpy_v6.o
       100          0          0          0          0         80   rt_memcpy_w.o
         2          0          0          0          0          0   rtexit.o
        10          0          0          0          0          0   rtexit2.o
        24          0          0          0          0         68   strcat.o
       128          0          0          0          0         68   strcmpv7m.o
        72          0          0          0          0         80   strcpy.o
        62          0          0          0          0         76   strlen.o
        86          0          0          0          0         76   strncpy.o
        74          0          0          0          0         80   sys_stackheap_outer.o
         2          0          0          0          0         68   use_no_semi.o
         2          0          0          0          0         68   use_no_semi_2.o
       826         16          0          0          0        492   daddsub_clz.o
        24          0          0          0          0        116   dcmpi.o
        90          4          0          0          0        140   dfixu.o
        84          0          0          0          0        232   dflt_clz.o
       120          4          0          0          0        140   dleqf.o
       340         12          0          0          0        152   dmul.o
       156          4          0          0          0        140   dnaninf.o
        12          0          0          0          0        116   dretinf.o
       108          0          0          0          0        128   drleqf.o
       408         56          0          0          0        168   dsqrt_umaal.o
        86          4          0          0          0        132   f2d.o
       140          4          0          0          0        132   fnaninf.o
        10          0          0          0          0        116   fpinit.o
         0          0          0          0          0          0   usenofp.o
       122          0          0          0          0        148   sqrt.o

    ----------------------------------------------------------------------
      4738        154         42          0        100       4812   Library Totals
        16          0          2          0          4          0   (incl. Padding)

    ----------------------------------------------------------------------

      Code (inc. data)   RO Data    RW Data    ZI Data      Debug   Library Name

      2196         50         40          0         96       2460   c_w.l
      2404        104          0          0          0       2204   fz_wm.l
       122          0          0          0          0        148   m_wm.l

    ----------------------------------------------------------------------
      4738        154         42          0        100       4812   Library Totals

    ----------------------------------------------------------------------

==============================================================================


      Code (inc. data)   RO Data    RW Data    ZI Data      Debug   

    275728       5886      22864        796      57540    2682002   Grand Totals
    275728       5886      22864        264      57540    2682002   ELF Image Totals (compressed)
    275728       5886      22864        264          0          0   ROM Totals

==============================================================================

    Total RO  Size (Code + RO Data)               298592 ( 291.59kB)
    Total RW  Size (RW Data + ZI Data)             58336 (  56.97kB)
    Total ROM Size (Code + RO Data + RW Data)     298856 ( 291.85kB)

==============================================================================

