<html>
<body>
<pre>
<h1>µVision Build Log</h1>
<h2>Tool Versions:</h2>
IDE-Version: ¦ÌVision V5.29.0.0
Copyright (C) 2019 ARM Ltd and ARM Germany GmbH. All rights reserved.
License Information: Mudrobot 2604932485@qq.com,   , LIC=EXJT4-F3XYT-Y8YFK-ZNEJV-65JIT-2ET3F
 
Tool Versions:
Toolchain:       MDK-ARM Plus  Version: 5.29.0.0
Toolchain Path:  D:\App\MDK5\Core\ARM\ARMCC\Bin
C Compiler:      Armcc.exe V5.06 update 6 (build 750)
Assembler:       Armasm.exe V5.06 update 6 (build 750)
Linker/Locator:  ArmLink.exe V5.06 update 6 (build 750)
Library Manager: ArmAr.exe V5.06 update 6 (build 750)
Hex Converter:   FromElf.exe V5.06 update 6 (build 750)
CPU DLL:         SARMCM3.DLL V5.29.0.0
Dialog DLL:      DCM.DLL V1.17.3.0
Target DLL:      STLink\ST-LINKIII-KEIL_SWO.dll V3.0.7.0
Dialog DLL:      TCM.DLL V1.36.5.0
 
<h2>Project:</h2>
E:\CodeField\STM32 Project\LVGL\STM32F4 LVGL 7.10.1\USER\Demo.uvprojx
Project File Date:  09/19/2021

<h2>Output:</h2>
*** Using Compiler 'V5.06 update 6 (build 750)', folder: 'D:\App\MDK5\Core\ARM\ARMCC\Bin'
Build target 'Demo'
compiling lv_disp.c...
compiling lv_indev.c...
compiling lv_draw_blend.c...
compiling lv_obj.c...
..\GUI\lvgl\src\lv_core\lv_obj.c(4599): warning:  #111-D: statement is unreachable
              break;
..\GUI\lvgl\src\lv_core\lv_obj.c: 1 warning, 0 errors
compiling lv_refr.c...
compiling lv_draw_arc.c...
compiling lv_group.c...
compiling lv_style.c...
compiling lv_draw_mask.c...
..\GUI\lvgl\src\lv_draw\lv_draw_mask.c(339): warning:  #111-D: statement is unreachable
          return;
..\GUI\lvgl\src\lv_draw\lv_draw_mask.c(350): warning:  #111-D: statement is unreachable
          return;
..\GUI\lvgl\src\lv_draw\lv_draw_mask.c: 2 warnings, 0 errors
compiling lv_draw_line.c...
compiling lv_draw_triangle.c...
compiling lv_draw_img.c...
compiling lv_draw_label.c...
compiling lv_draw_rect.c...
compiling lv_img_buf.c...
compiling lv_img_cache.c...
compiling lv_font.c...
compiling lv_img_decoder.c...
compiling lv_font_fmt_txt.c...
..\GUI\lvgl\src\lv_font\lv_font_fmt_txt.c(132): warning:  #111-D: statement is unreachable
      return NULL;
..\GUI\lvgl\src\lv_font\lv_font_fmt_txt.c: 1 warning, 0 errors
compiling lv_font_loader.c...
compiling lv_font_dejavu_16_persian_hebrew.c...
compiling lv_font_montserrat_8.c...
compiling lv_font_montserrat_10.c...
compiling lv_font_montserrat_12_subpx.c...
compiling lv_font_montserrat_22.c...
compiling lv_font_montserrat_12.c...
compiling lv_font_montserrat_20.c...
compiling lv_font_montserrat_18.c...
compiling lv_font_montserrat_16.c...
compiling lv_font_montserrat_24.c...
compiling lv_font_montserrat_26.c...
compiling lv_font_montserrat_14.c...
compiling main.c...
compiling timer.c...
compiling lv_font_montserrat_32.c...
compiling lv_font_montserrat_30.c...
compiling lv_font_montserrat_28.c...
compiling lv_font_montserrat_28_compressed.c...
compiling lv_font_montserrat_42.c...
compiling lv_font_montserrat_38.c...
compiling lv_gpu_nxp_vglite.c...
compiling lv_gpu_nxp_pxp.c...
compiling lv_gpu_nxp_pxp_osa.c...
compiling lv_font_montserrat_46.c...
compiling lv_gpu_stm32_dma2d.c...
compiling lv_font_montserrat_48.c...
compiling lv_font_montserrat_44.c...
compiling lv_font_montserrat_40.c...
compiling lv_font_simsun_16_cjk.c...
compiling lv_hal_indev.c...
compiling lv_hal_disp.c...
compiling lv_font_montserrat_36.c...
compiling lv_font_montserrat_34.c...
compiling lv_font_unscii_16.c...
compiling lv_font_unscii_8.c...
compiling lv_hal_tick.c...
compiling lv_area.c...
compiling lv_async.c...
compiling lv_anim.c...
compiling lv_bidi.c...
compiling lv_color.c...
compiling lv_debug.c...
compiling lv_fs.c...
compiling lv_gc.c...
compiling lv_ll.c...
compiling lv_log.c...
compiling lv_math.c...
compiling lv_printf.c...
compiling lv_mem.c...
..\GUI\lvgl\src\lv_misc\lv_mem.c(511): warning:  #111-D: statement is unreachable
                  return NULL;
..\GUI\lvgl\src\lv_misc\lv_mem.c(521): warning:  #111-D: statement is unreachable
      return NULL;
..\GUI\lvgl\src\lv_misc\lv_mem.c: 2 warnings, 0 errors
compiling lv_task.c...
compiling lv_utils.c...
compiling lv_txt_ap.c...
compiling lv_txt.c...
compiling lv_theme.c...
compiling lv_theme_empty.c...
compiling lv_btn.c...
compiling lv_arc.c...
compiling lv_theme_template.c...
compiling lv_bar.c...
compiling lv_calendar.c...
..\GUI\lvgl\src\lv_widgets\lv_calendar.c(447): warning:  #111-D: statement is unreachable
          return LV_RES_OK;
..\GUI\lvgl\src\lv_widgets\lv_calendar.c: 1 warning, 0 errors
compiling lv_theme_mono.c...
compiling lv_btnmatrix.c...
compiling lv_checkbox.c...
compiling lv_theme_material.c...
compiling lv_canvas.c...
compiling lv_cont.c...
compiling lv_chart.c...
compiling lv_cpicker.c...
compiling lv_gauge.c...
compiling lv_dropdown.c...
compiling lv_img.c...
compiling lv_keyboard.c...
compiling lv_imgbtn.c...
compiling lv_led.c...
compiling lv_line.c...
compiling lv_linemeter.c...
compiling lv_label.c...
compiling lv_objx_templ.c...
compiling lv_msgbox.c...
compiling lv_objmask.c...
compiling lv_list.c...
compiling lv_roller.c...
compiling lv_page.c...
compiling lv_slider.c...
compiling lv_spinner.c...
compiling lv_spinbox.c...
compiling lv_switch.c...
compiling lv_tileview.c...
compiling lv_table.c...
compiling lv_tabview.c...
compiling lv_textarea.c...
compiling lv_win.c...
compiling lv_demo_widgets.c...
compiling lv_port_disp.c...
compiling lv_port_indev.c...
..\GUI\lvgl\examples\porting\lv_port_indev.c(181): warning:  #177-D: function "touchpad_init"  was declared but never referenced
  static void touchpad_init(void)
..\GUI\lvgl\examples\porting\lv_port_indev.c(227): warning:  #177-D: function "touchpad_is_pressed"  was declared but never referenced
  static bool touchpad_is_pressed(void)
..\GUI\lvgl\examples\porting\lv_port_indev.c(235): warning:  #177-D: function "touchpad_get_xy"  was declared but never referenced
  static void touchpad_get_xy(lv_coord_t * x, lv_coord_t * y)
..\GUI\lvgl\examples\porting\lv_port_indev.c(248): warning:  #177-D: function "mouse_init"  was declared but never referenced
  static void mouse_init(void)
..\GUI\lvgl\examples\porting\lv_port_indev.c(254): warning:  #177-D: function "mouse_read"  was declared but never referenced
  static bool mouse_read(lv_indev_drv_t * indev_drv, lv_indev_data_t * data)
..\GUI\lvgl\examples\porting\lv_port_indev.c(292): warning:  #177-D: function "keypad_init"  was declared but never referenced
  static void keypad_init(void)
..\GUI\lvgl\examples\porting\lv_port_indev.c(298): warning:  #177-D: function "keypad_read"  was declared but never referenced
  static bool keypad_read(lv_indev_drv_t * indev_drv, lv_indev_data_t * data)
..\GUI\lvgl\examples\porting\lv_port_indev.c(353): warning:  #177-D: function "encoder_init"  was declared but never referenced
  static void encoder_init(void)
..\GUI\lvgl\examples\porting\lv_port_indev.c(359): warning:  #177-D: function "encoder_read"  was declared but never referenced
  static bool encoder_read(lv_indev_drv_t * indev_drv, lv_indev_data_t * data)
..\GUI\lvgl\examples\porting\lv_port_indev.c(370): warning:  #177-D: function "encoder_handler"  was declared but never referenced
  static void encoder_handler(void)
..\GUI\lvgl\examples\porting\lv_port_indev.c(383): warning:  #177-D: function "button_init"  was declared but never referenced
  static void button_init(void)
..\GUI\lvgl\examples\porting\lv_port_indev.c(389): warning:  #177-D: function "button_read"  was declared but never referenced
  static bool button_read(lv_indev_drv_t * indev_drv, lv_indev_data_t * data)
..\GUI\lvgl\examples\porting\lv_port_indev.c: 12 warnings, 0 errors
linking...
Program Size: Code=275728 RO-data=22864 RW-data=796 ZI-data=57540  
FromELF: creating hex file...
"..\OBJ\TOUCH.axf" - 0 Error(s), 19 Warning(s).

<h2>Software Packages used:</h2>

Package Vendor: Keil
                http://www.keil.com/pack/Keil.STM32F4xx_DFP.2.14.0.pack
                Keil.STM32F4xx_DFP.2.14.0
                STMicroelectronics STM32F4 Series Device Support, Drivers and Examples

<h2>Collection of Component include folders:</h2>
  .\RTE\_Demo
  D:\App\MDK5\Pack\Keil\STM32F4xx_DFP\2.14.0\Drivers\CMSIS\Device\ST\STM32F4xx\Include

<h2>Collection of Component Files used:</h2>
Build Time Elapsed:  00:00:12
</pre>
</body>
</html>
